OpenJDK 64-Bit Server VM (25.382-b05) for linux-amd64 JRE (1.8.0_382-8u382-ga-1~22.04.1-b05), built on Jul 24 2023 20:17:51 by "buildd" with gcc 11.3.0
Memory: 4k page, physical 16156084k(6062792k free), swap 9765884k(9765884k free)
CommandLine flags: -XX:+AlwaysPreTouch -XX:+CMSClassUnloadingEnabled -XX:+CMSEdenChunksRecordAlways -XX:CMSInitiatingOccupancyFraction=75 -XX:+CMSParallelInitialMarkEnabled -XX:+CMSParallelRemarkEnabled -XX:CMSWaitDuration=10000 -XX:CompileCommandFile=./../conf/hotspot_compiler -XX:GCLogFileSize=10485760 -XX:+HeapDumpOnOutOfMemoryError -XX:InitialHeapSize=4135583744 -XX:InitialTenuringThreshold=1 -XX:+ManagementServer -XX:MaxHeapSize=4135583744 -XX:MaxNewSize=1033895936 -XX:MaxTenuringThreshold=1 -XX:NewSize=1033895936 -XX:NumberOfGCLogFiles=10 -XX:OldPLABSize=16 -XX:OnOutOfMemoryError=kill -9 %p -XX:+PerfDisableSharedMem -XX:+PrintGC -XX:+PrintGCApplicationStoppedTime -XX:+PrintGCDateStamps -XX:+PrintGCDetails -XX:+PrintGCTimeStamps -XX:+PrintHeapAtGC -XX:+PrintPromotionFailure -XX:+PrintTenuringDistribution -XX:+ResizeTLAB -XX:SurvivorRatio=8 -XX:ThreadPriorityPolicy=42 -XX:ThreadStackSize=256 -XX:-UseBiasedLocking -XX:+UseCMSInitiatingOccupancyOnly -XX:+UseCompressedClassPointers -XX:+UseCompressedOops -XX:+UseConcMarkSweepGC -XX:+UseCondCardMark -XX:+UseGCLogFileRotation -XX:-UseNUMA -XX:+UseParNewGC -XX:+UseTLAB -XX:+UseThreadPriorities 
2023-11-23T09:31:44.890+0000: 1,591: Total time for which application threads were stopped: 0,0000903 seconds, Stopping threads took: 0,0000234 seconds
2023-11-23T09:31:45.117+0000: 1,818: Total time for which application threads were stopped: 0,0001359 seconds, Stopping threads took: 0,0000133 seconds
2023-11-23T09:31:45.298+0000: 1,999: Total time for which application threads were stopped: 0,0001423 seconds, Stopping threads took: 0,0000276 seconds
2023-11-23T09:31:45.399+0000: 2,101: Total time for which application threads were stopped: 0,0001689 seconds, Stopping threads took: 0,0000115 seconds
2023-11-23T09:31:45.450+0000: 2,151: Total time for which application threads were stopped: 0,0001481 seconds, Stopping threads took: 0,0000106 seconds
2023-11-23T09:31:45.452+0000: 2,154: Total time for which application threads were stopped: 0,0001398 seconds, Stopping threads took: 0,0000179 seconds
2023-11-23T09:31:45.460+0000: 2,161: Total time for which application threads were stopped: 0,0001575 seconds, Stopping threads took: 0,0000149 seconds
2023-11-23T09:31:45.487+0000: 2,188: Total time for which application threads were stopped: 0,0001444 seconds, Stopping threads took: 0,0000095 seconds
2023-11-23T09:31:45.509+0000: 2,210: Total time for which application threads were stopped: 0,0001625 seconds, Stopping threads took: 0,0000131 seconds
2023-11-23T09:31:45.551+0000: 2,253: Total time for which application threads were stopped: 0,0001723 seconds, Stopping threads took: 0,0000116 seconds
2023-11-23T09:31:45.573+0000: 2,275: Total time for which application threads were stopped: 0,0001378 seconds, Stopping threads took: 0,0000099 seconds
2023-11-23T09:31:45.581+0000: 2,283: Total time for which application threads were stopped: 0,0001356 seconds, Stopping threads took: 0,0000139 seconds
2023-11-23T09:31:45.596+0000: 2,298: Total time for which application threads were stopped: 0,0001002 seconds, Stopping threads took: 0,0000100 seconds
2023-11-23T09:31:45.600+0000: 2,301: Total time for which application threads were stopped: 0,0001522 seconds, Stopping threads took: 0,0000079 seconds
2023-11-23T09:31:45.606+0000: 2,307: Total time for which application threads were stopped: 0,0001338 seconds, Stopping threads took: 0,0000101 seconds
2023-11-23T09:31:45.621+0000: 2,322: Total time for which application threads were stopped: 0,0002320 seconds, Stopping threads took: 0,0000766 seconds
2023-11-23T09:31:45.621+0000: 2,323: Total time for which application threads were stopped: 0,0001121 seconds, Stopping threads took: 0,0000065 seconds
2023-11-23T09:31:45.646+0000: 2,348: Total time for which application threads were stopped: 0,0001606 seconds, Stopping threads took: 0,0000129 seconds
2023-11-23T09:31:45.658+0000: 2,359: Total time for which application threads were stopped: 0,0001593 seconds, Stopping threads took: 0,0000153 seconds
2023-11-23T09:31:45.668+0000: 2,370: Total time for which application threads were stopped: 0,0001902 seconds, Stopping threads took: 0,0000105 seconds
2023-11-23T09:31:45.681+0000: 2,383: Total time for which application threads were stopped: 0,0001329 seconds, Stopping threads took: 0,0000092 seconds
2023-11-23T09:31:45.740+0000: 2,442: Total time for which application threads were stopped: 0,0001544 seconds, Stopping threads took: 0,0000133 seconds
2023-11-23T09:31:45.750+0000: 2,452: Total time for which application threads were stopped: 0,0001348 seconds, Stopping threads took: 0,0000102 seconds
2023-11-23T09:31:45.761+0000: 2,462: Total time for which application threads were stopped: 0,0001433 seconds, Stopping threads took: 0,0000090 seconds
2023-11-23T09:31:45.781+0000: 2,483: Total time for which application threads were stopped: 0,0001403 seconds, Stopping threads took: 0,0000110 seconds
2023-11-23T09:31:45.782+0000: 2,484: Total time for which application threads were stopped: 0,0001769 seconds, Stopping threads took: 0,0000083 seconds
2023-11-23T09:31:45.788+0000: 2,490: Total time for which application threads were stopped: 0,0001470 seconds, Stopping threads took: 0,0000127 seconds
2023-11-23T09:31:45.791+0000: 2,493: Total time for which application threads were stopped: 0,0010521 seconds, Stopping threads took: 0,0009178 seconds
2023-11-23T09:31:45.799+0000: 2,501: Total time for which application threads were stopped: 0,0001737 seconds, Stopping threads took: 0,0000789 seconds
2023-11-23T09:31:45.808+0000: 2,509: Total time for which application threads were stopped: 0,0001491 seconds, Stopping threads took: 0,0000148 seconds
2023-11-23T09:31:45.814+0000: 2,515: Total time for which application threads were stopped: 0,0002190 seconds, Stopping threads took: 0,0000125 seconds
2023-11-23T09:31:45.814+0000: 2,516: Total time for which application threads were stopped: 0,0001357 seconds, Stopping threads took: 0,0000083 seconds
2023-11-23T09:31:45.814+0000: 2,516: Total time for which application threads were stopped: 0,0000394 seconds, Stopping threads took: 0,0000239 seconds
2023-11-23T09:31:45.820+0000: 2,521: Total time for which application threads were stopped: 0,0001963 seconds, Stopping threads took: 0,0000153 seconds
2023-11-23T09:31:45.826+0000: 2,528: Total time for which application threads were stopped: 0,0001931 seconds, Stopping threads took: 0,0000180 seconds
2023-11-23T09:31:45.826+0000: 2,528: Total time for which application threads were stopped: 0,0000471 seconds, Stopping threads took: 0,0000276 seconds
2023-11-23T09:31:45.841+0000: 2,543: Total time for which application threads were stopped: 0,0001728 seconds, Stopping threads took: 0,0000675 seconds
2023-11-23T09:31:45.851+0000: 2,553: Total time for which application threads were stopped: 0,0002230 seconds, Stopping threads took: 0,0000681 seconds
2023-11-23T09:31:45.862+0000: 2,564: Total time for which application threads were stopped: 0,0001794 seconds, Stopping threads took: 0,0000469 seconds
2023-11-23T09:31:45.862+0000: 2,564: Total time for which application threads were stopped: 0,0000867 seconds, Stopping threads took: 0,0000719 seconds
2023-11-23T09:31:45.874+0000: 2,576: Total time for which application threads were stopped: 0,0001736 seconds, Stopping threads took: 0,0000320 seconds
2023-11-23T09:31:45.874+0000: 2,576: Total time for which application threads were stopped: 0,0001376 seconds, Stopping threads took: 0,0001175 seconds
2023-11-23T09:31:45.887+0000: 2,588: Total time for which application threads were stopped: 0,0005975 seconds, Stopping threads took: 0,0004553 seconds
2023-11-23T09:31:45.894+0000: 2,595: Total time for which application threads were stopped: 0,0001447 seconds, Stopping threads took: 0,0000119 seconds
2023-11-23T09:31:45.894+0000: 2,595: Total time for which application threads were stopped: 0,0000474 seconds, Stopping threads took: 0,0000286 seconds
2023-11-23T09:31:45.897+0000: 2,599: Total time for which application threads were stopped: 0,0002111 seconds, Stopping threads took: 0,0000129 seconds
2023-11-23T09:31:45.919+0000: 2,620: Total time for which application threads were stopped: 0,0001649 seconds, Stopping threads took: 0,0000169 seconds
2023-11-23T09:31:45.986+0000: 2,687: Total time for which application threads were stopped: 0,0001678 seconds, Stopping threads took: 0,0000149 seconds
2023-11-23T09:31:46.001+0000: 2,703: Total time for which application threads were stopped: 0,0001499 seconds, Stopping threads took: 0,0000154 seconds
2023-11-23T09:31:46.018+0000: 2,719: Total time for which application threads were stopped: 0,0001221 seconds, Stopping threads took: 0,0000126 seconds
2023-11-23T09:31:46.040+0000: 2,741: Total time for which application threads were stopped: 0,0001002 seconds, Stopping threads took: 0,0000117 seconds
2023-11-23T09:31:46.099+0000: 2,801: Total time for which application threads were stopped: 0,0001426 seconds, Stopping threads took: 0,0000120 seconds
2023-11-23T09:31:46.120+0000: 2,822: Total time for which application threads were stopped: 0,0001474 seconds, Stopping threads took: 0,0000160 seconds
2023-11-23T09:31:46.137+0000: 2,839: Total time for which application threads were stopped: 0,0000923 seconds, Stopping threads took: 0,0000096 seconds
2023-11-23T09:31:46.148+0000: 2,849: Total time for which application threads were stopped: 0,0001490 seconds, Stopping threads took: 0,0000293 seconds
2023-11-23T09:31:46.162+0000: 2,864: Total time for which application threads were stopped: 0,0001384 seconds, Stopping threads took: 0,0000114 seconds
2023-11-23T09:31:46.185+0000: 2,887: Total time for which application threads were stopped: 0,0001162 seconds, Stopping threads took: 0,0000149 seconds
2023-11-23T09:31:46.194+0000: 2,895: Total time for which application threads were stopped: 0,0001471 seconds, Stopping threads took: 0,0000113 seconds
2023-11-23T09:31:46.194+0000: 2,895: Total time for which application threads were stopped: 0,0000292 seconds, Stopping threads took: 0,0000114 seconds
2023-11-23T09:31:46.209+0000: 2,911: Total time for which application threads were stopped: 0,0001445 seconds, Stopping threads took: 0,0000142 seconds
2023-11-23T09:31:46.213+0000: 2,914: Total time for which application threads were stopped: 0,0001757 seconds, Stopping threads took: 0,0000119 seconds
2023-11-23T09:31:46.225+0000: 2,926: Total time for which application threads were stopped: 0,0003292 seconds, Stopping threads took: 0,0000348 seconds
2023-11-23T09:31:46.251+0000: 2,953: Total time for which application threads were stopped: 0,0001207 seconds, Stopping threads took: 0,0000183 seconds
2023-11-23T09:31:46.261+0000: 2,963: Total time for which application threads were stopped: 0,0001534 seconds, Stopping threads took: 0,0000150 seconds
2023-11-23T09:31:46.282+0000: 2,984: Total time for which application threads were stopped: 0,0001144 seconds, Stopping threads took: 0,0000168 seconds
2023-11-23T09:31:46.295+0000: 2,996: Total time for which application threads were stopped: 0,0001333 seconds, Stopping threads took: 0,0000377 seconds
2023-11-23T09:31:46.331+0000: 3,032: Total time for which application threads were stopped: 0,0001706 seconds, Stopping threads took: 0,0000177 seconds
2023-11-23T09:31:46.351+0000: 3,052: Total time for which application threads were stopped: 0,0000966 seconds, Stopping threads took: 0,0000174 seconds
2023-11-23T09:31:46.383+0000: 3,085: Total time for which application threads were stopped: 0,0001484 seconds, Stopping threads took: 0,0000204 seconds
2023-11-23T09:31:46.419+0000: 3,121: Total time for which application threads were stopped: 0,0002135 seconds, Stopping threads took: 0,0000218 seconds
2023-11-23T09:31:46.440+0000: 3,142: Total time for which application threads were stopped: 0,0001417 seconds, Stopping threads took: 0,0000213 seconds
2023-11-23T09:31:46.449+0000: 3,151: Total time for which application threads were stopped: 0,0002305 seconds, Stopping threads took: 0,0000157 seconds
2023-11-23T09:31:46.483+0000: 3,185: Total time for which application threads were stopped: 0,0001781 seconds, Stopping threads took: 0,0000210 seconds
2023-11-23T09:31:46.494+0000: 3,195: Total time for which application threads were stopped: 0,0004642 seconds, Stopping threads took: 0,0000424 seconds
2023-11-23T09:31:46.503+0000: 3,205: Total time for which application threads were stopped: 0,0001554 seconds, Stopping threads took: 0,0000173 seconds
2023-11-23T09:31:46.503+0000: 3,205: Total time for which application threads were stopped: 0,0000333 seconds, Stopping threads took: 0,0000136 seconds
2023-11-23T09:31:46.613+0000: 3,315: Total time for which application threads were stopped: 0,0001931 seconds, Stopping threads took: 0,0000198 seconds
2023-11-23T09:31:46.787+0000: 3,488: Total time for which application threads were stopped: 0,0002668 seconds, Stopping threads took: 0,0000147 seconds
2023-11-23T09:31:46.802+0000: 3,503: Total time for which application threads were stopped: 0,0001076 seconds, Stopping threads took: 0,0000100 seconds
2023-11-23T09:31:46.816+0000: 3,518: Total time for which application threads were stopped: 0,0001460 seconds, Stopping threads took: 0,0000115 seconds
2023-11-23T09:31:46.836+0000: 3,537: Total time for which application threads were stopped: 0,0001545 seconds, Stopping threads took: 0,0000134 seconds
2023-11-23T09:31:46.862+0000: 3,564: Total time for which application threads were stopped: 0,0001548 seconds, Stopping threads took: 0,0000123 seconds
2023-11-23T09:31:46.893+0000: 3,594: Total time for which application threads were stopped: 0,0001141 seconds, Stopping threads took: 0,0000145 seconds
2023-11-23T09:31:46.914+0000: 3,615: Total time for which application threads were stopped: 0,0001610 seconds, Stopping threads took: 0,0000130 seconds
2023-11-23T09:31:46.932+0000: 3,633: Total time for which application threads were stopped: 0,0001553 seconds, Stopping threads took: 0,0000131 seconds
2023-11-23T09:31:46.946+0000: 3,648: Total time for which application threads were stopped: 0,0001439 seconds, Stopping threads took: 0,0000135 seconds
{Heap before GC invocations=0 (full 0):
 par new generation   total 908736K, used 807808K [0x00000006c9800000, 0x0000000707200000, 0x0000000707200000)
  eden space 807808K, 100% used [0x00000006c9800000, 0x00000006face0000, 0x00000006face0000)
  from space 100928K,   0% used [0x00000006face0000, 0x00000006face0000, 0x0000000700f70000)
  to   space 100928K,   0% used [0x0000000700f70000, 0x0000000700f70000, 0x0000000707200000)
 concurrent mark-sweep generation total 3028992K, used 0K [0x0000000707200000, 0x00000007c0000000, 0x00000007c0000000)
 Metaspace       used 38411K, capacity 39751K, committed 39888K, reserved 1085440K
  class space    used 4602K, capacity 5010K, committed 5060K, reserved 1048576K
2023-11-23T09:31:46.989+0000: 3,691: [GC (Allocation Failure) 2023-11-23T09:31:46.989+0000: 3,691: [ParNew
Desired survivor size 51675136 bytes, new threshold 1 (max 1)
- age   1:   34811720 bytes,   34811720 total
: 807808K->34132K(908736K), 0,0115670 secs] 807808K->34132K(3937728K), 0,0116556 secs] [Times: user=0,07 sys=0,01, real=0,02 secs] 
Heap after GC invocations=1 (full 0):
 par new generation   total 908736K, used 34132K [0x00000006c9800000, 0x0000000707200000, 0x0000000707200000)
  eden space 807808K,   0% used [0x00000006c9800000, 0x00000006c9800000, 0x00000006face0000)
  from space 100928K,  33% used [0x0000000700f70000, 0x00000007030c5358, 0x0000000707200000)
  to   space 100928K,   0% used [0x00000006face0000, 0x00000006face0000, 0x0000000700f70000)
 concurrent mark-sweep generation total 3028992K, used 0K [0x0000000707200000, 0x00000007c0000000, 0x00000007c0000000)
 Metaspace       used 38411K, capacity 39751K, committed 39888K, reserved 1085440K
  class space    used 4602K, capacity 5010K, committed 5060K, reserved 1048576K
}
2023-11-23T09:31:47.001+0000: 3,702: Total time for which application threads were stopped: 0,0118062 seconds, Stopping threads took: 0,0000315 seconds
2023-11-23T09:31:47.001+0000: 3,703: [GC (CMS Initial Mark) [1 CMS-initial-mark: 0K(3028992K)] 58367K(3937728K), 0,0023024 secs] [Times: user=0,01 sys=0,00, real=0,00 secs] 
2023-11-23T09:31:47.003+0000: 3,705: Total time for which application threads were stopped: 0,0024588 seconds, Stopping threads took: 0,0000914 seconds
2023-11-23T09:31:47.003+0000: 3,705: [CMS-concurrent-mark-start]
2023-11-23T09:31:47.004+0000: 3,706: [CMS-concurrent-mark: 0,001/0,001 secs] [Times: user=0,00 sys=0,00, real=0,00 secs] 
2023-11-23T09:31:47.004+0000: 3,706: [CMS-concurrent-preclean-start]
2023-11-23T09:31:47.008+0000: 3,709: [CMS-concurrent-preclean: 0,004/0,004 secs] [Times: user=0,03 sys=0,00, real=0,00 secs] 
2023-11-23T09:31:47.008+0000: 3,710: [CMS-concurrent-abortable-preclean-start]
2023-11-23T09:31:47.030+0000: 3,731: Total time for which application threads were stopped: 0,0001827 seconds, Stopping threads took: 0,0000179 seconds
2023-11-23T09:31:47.109+0000: 3,810: Total time for which application threads were stopped: 0,0002367 seconds, Stopping threads took: 0,0000188 seconds
2023-11-23T09:31:47.126+0000: 3,828: Total time for which application threads were stopped: 0,0001880 seconds, Stopping threads took: 0,0000212 seconds
2023-11-23T09:31:47.132+0000: 3,834: Total time for which application threads were stopped: 0,0003662 seconds, Stopping threads took: 0,0000196 seconds
2023-11-23T09:31:47.150+0000: 3,852: Total time for which application threads were stopped: 0,0001776 seconds, Stopping threads took: 0,0000198 seconds
2023-11-23T09:31:47.167+0000: 3,868: Total time for which application threads were stopped: 0,0003711 seconds, Stopping threads took: 0,0000228 seconds
2023-11-23T09:31:47.182+0000: 3,884: Total time for which application threads were stopped: 0,0001826 seconds, Stopping threads took: 0,0000209 seconds
2023-11-23T09:31:47.207+0000: 3,909: Total time for which application threads were stopped: 0,0001910 seconds, Stopping threads took: 0,0000188 seconds
2023-11-23T09:31:47.226+0000: 3,927: Total time for which application threads were stopped: 0,0001650 seconds, Stopping threads took: 0,0000144 seconds
2023-11-23T09:31:47.340+0000: 4,041: Total time for which application threads were stopped: 0,0002412 seconds, Stopping threads took: 0,0000540 seconds
2023-11-23T09:31:47.357+0000: 4,058: Total time for which application threads were stopped: 0,0001964 seconds, Stopping threads took: 0,0000299 seconds
2023-11-23T09:31:47.383+0000: 4,085: Total time for which application threads were stopped: 0,0001884 seconds, Stopping threads took: 0,0000233 seconds
2023-11-23T09:31:47.453+0000: 4,155: Total time for which application threads were stopped: 0,0002384 seconds, Stopping threads took: 0,0000326 seconds
2023-11-23T09:31:47.473+0000: 4,175: Total time for which application threads were stopped: 0,0001745 seconds, Stopping threads took: 0,0000239 seconds
2023-11-23T09:31:47.511+0000: 4,213: Total time for which application threads were stopped: 0,0001987 seconds, Stopping threads took: 0,0000219 seconds
2023-11-23T09:31:47.639+0000: 4,340: Total time for which application threads were stopped: 0,0004604 seconds, Stopping threads took: 0,0000171 seconds
2023-11-23T09:31:47.639+0000: 4,341: Total time for which application threads were stopped: 0,0001620 seconds, Stopping threads took: 0,0000136 seconds
2023-11-23T09:31:47.643+0000: 4,344: Total time for which application threads were stopped: 0,0003957 seconds, Stopping threads took: 0,0000237 seconds
2023-11-23T09:31:47.674+0000: 4,375: Total time for which application threads were stopped: 0,0002244 seconds, Stopping threads took: 0,0000221 seconds
2023-11-23T09:31:47.677+0000: 4,378: Total time for which application threads were stopped: 0,0003912 seconds, Stopping threads took: 0,0000176 seconds
2023-11-23T09:31:47.698+0000: 4,400: Total time for which application threads were stopped: 0,0002256 seconds, Stopping threads took: 0,0000291 seconds
2023-11-23T09:31:47.727+0000: 4,429: Total time for which application threads were stopped: 0,0001996 seconds, Stopping threads took: 0,0000215 seconds
2023-11-23T09:31:47.744+0000: 4,445: Total time for which application threads were stopped: 0,0002251 seconds, Stopping threads took: 0,0000235 seconds
2023-11-23T09:31:47.764+0000: 4,465: Total time for which application threads were stopped: 0,0001911 seconds, Stopping threads took: 0,0000208 seconds
2023-11-23T09:31:47.790+0000: 4,492: Total time for which application threads were stopped: 0,0001801 seconds, Stopping threads took: 0,0000143 seconds
2023-11-23T09:31:47.935+0000: 4,637: Total time for which application threads were stopped: 0,0002163 seconds, Stopping threads took: 0,0000150 seconds
2023-11-23T09:31:47.935+0000: 4,637: [CMS-concurrent-abortable-preclean: 0,603/0,927 secs] [Times: user=3,82 sys=0,14, real=0,93 secs] 
2023-11-23T09:31:47.936+0000: 4,637: [GC (CMS Final Remark) [YG occupancy: 458992 K (908736 K)]2023-11-23T09:31:47.936+0000: 4,637: [Rescan (parallel) , 0,0135134 secs]2023-11-23T09:31:47.949+0000: 4,651: [weak refs processing, 0,0000252 secs]2023-11-23T09:31:47.949+0000: 4,651: [class unloading, 0,0044939 secs]2023-11-23T09:31:47.954+0000: 4,655: [scrub symbol table, 0,0034627 secs]2023-11-23T09:31:47.957+0000: 4,659: [scrub string table, 0,0005522 secs][1 CMS-remark: 0K(3028992K)] 458992K(3937728K), 0,0230788 secs] [Times: user=0,14 sys=0,00, real=0,02 secs] 
2023-11-23T09:31:47.959+0000: 4,660: Total time for which application threads were stopped: 0,0231659 seconds, Stopping threads took: 0,0000127 seconds
2023-11-23T09:31:47.959+0000: 4,660: [CMS-concurrent-sweep-start]
2023-11-23T09:31:47.959+0000: 4,660: [CMS-concurrent-sweep: 0,000/0,000 secs] [Times: user=0,00 sys=0,00, real=0,00 secs] 
2023-11-23T09:31:47.959+0000: 4,660: [CMS-concurrent-reset-start]
2023-11-23T09:31:47.961+0000: 4,663: [CMS-concurrent-reset: 0,002/0,002 secs] [Times: user=0,01 sys=0,00, real=0,01 secs] 
2023-11-23T09:31:48.108+0000: 4,809: Total time for which application threads were stopped: 0,0005374 seconds, Stopping threads took: 0,0000411 seconds
2023-11-23T09:31:48.252+0000: 4,954: Total time for which application threads were stopped: 0,0005599 seconds, Stopping threads took: 0,0000252 seconds
2023-11-23T09:31:48.306+0000: 5,007: Total time for which application threads were stopped: 0,0005617 seconds, Stopping threads took: 0,0000260 seconds
2023-11-23T09:31:48.457+0000: 5,159: Total time for which application threads were stopped: 0,0005993 seconds, Stopping threads took: 0,0000256 seconds
2023-11-23T09:31:48.571+0000: 5,272: Total time for which application threads were stopped: 0,0002225 seconds, Stopping threads took: 0,0000856 seconds
2023-11-23T09:31:49.571+0000: 6,273: Total time for which application threads were stopped: 0,0005060 seconds, Stopping threads took: 0,0000602 seconds
2023-11-23T09:31:51.572+0000: 8,273: Total time for which application threads were stopped: 0,0000909 seconds, Stopping threads took: 0,0000245 seconds
2023-11-23T09:31:52.572+0000: 9,273: Total time for which application threads were stopped: 0,0000839 seconds, Stopping threads took: 0,0000227 seconds
2023-11-23T09:31:53.572+0000: 10,273: Total time for which application threads were stopped: 0,0000987 seconds, Stopping threads took: 0,0000233 seconds
2023-11-23T09:31:54.572+0000: 11,274: Total time for which application threads were stopped: 0,0002960 seconds, Stopping threads took: 0,0000607 seconds
2023-11-23T09:31:55.573+0000: 12,274: Total time for which application threads were stopped: 0,0003221 seconds, Stopping threads took: 0,0000755 seconds
2023-11-23T09:31:57.018+0000: 13,719: Total time for which application threads were stopped: 0,0001748 seconds, Stopping threads took: 0,0000260 seconds
2023-11-23T09:31:57.322+0000: 14,024: Total time for which application threads were stopped: 0,0002176 seconds, Stopping threads took: 0,0000304 seconds
2023-11-23T09:31:57.446+0000: 14,147: Total time for which application threads were stopped: 0,0001590 seconds, Stopping threads took: 0,0000284 seconds
2023-11-23T09:31:57.654+0000: 14,355: Total time for which application threads were stopped: 0,0001901 seconds, Stopping threads took: 0,0000420 seconds
{Heap before GC invocations=1 (full 1):
 par new generation   total 908736K, used 841622K [0x00000006c9800000, 0x0000000707200000, 0x0000000707200000)
  eden space 807808K,  99% used [0x00000006c9800000, 0x00000006fac90600, 0x00000006face0000)
  from space 100928K,  33% used [0x0000000700f70000, 0x00000007030c5358, 0x0000000707200000)
  to   space 100928K,   0% used [0x00000006face0000, 0x00000006face0000, 0x0000000700f70000)
 concurrent mark-sweep generation total 3028992K, used 0K [0x0000000707200000, 0x00000007c0000000, 0x00000007c0000000)
 Metaspace       used 50851K, capacity 53773K, committed 53952K, reserved 1095680K
  class space    used 6223K, capacity 6909K, committed 6972K, reserved 1048576K
2023-11-23T09:31:57.675+0000: 14,376: [GC (Allocation Failure) 2023-11-23T09:31:57.675+0000: 14,376: [ParNew
Desired survivor size 51675136 bytes, new threshold 1 (max 1)
- age   1:   42049768 bytes,   42049768 total
: 841622K->46762K(908736K), 0,0282137 secs] 841622K->62855K(3937728K), 0,0283098 secs] [Times: user=0,23 sys=0,00, real=0,03 secs] 
Heap after GC invocations=2 (full 1):
 par new generation   total 908736K, used 46762K [0x00000006c9800000, 0x0000000707200000, 0x0000000707200000)
  eden space 807808K,   0% used [0x00000006c9800000, 0x00000006c9800000, 0x00000006face0000)
  from space 100928K,  46% used [0x00000006face0000, 0x00000006fda8a938, 0x0000000700f70000)
  to   space 100928K,   0% used [0x0000000700f70000, 0x0000000700f70000, 0x0000000707200000)
 concurrent mark-sweep generation total 3028992K, used 16093K [0x0000000707200000, 0x00000007c0000000, 0x00000007c0000000)
 Metaspace       used 50851K, capacity 53773K, committed 53952K, reserved 1095680K
  class space    used 6223K, capacity 6909K, committed 6972K, reserved 1048576K
}
2023-11-23T09:31:57.703+0000: 14,404: Total time for which application threads were stopped: 0,0286161 seconds, Stopping threads took: 0,0000792 seconds
2023-11-23T09:31:57.998+0000: 14,699: Total time for which application threads were stopped: 0,0002210 seconds, Stopping threads took: 0,0000285 seconds
2023-11-23T09:31:58.261+0000: 14,962: Total time for which application threads were stopped: 0,0001855 seconds, Stopping threads took: 0,0000292 seconds
2023-11-23T09:31:58.508+0000: 15,210: Total time for which application threads were stopped: 0,0002836 seconds, Stopping threads took: 0,0000357 seconds
2023-11-23T09:31:58.720+0000: 15,421: Total time for which application threads were stopped: 0,0008914 seconds, Stopping threads took: 0,0000450 seconds
2023-11-23T09:31:59.485+0000: 16,186: Total time for which application threads were stopped: 0,0009818 seconds, Stopping threads took: 0,0000289 seconds
2023-11-23T09:32:00.485+0000: 17,187: Total time for which application threads were stopped: 0,0001602 seconds, Stopping threads took: 0,0000294 seconds
2023-11-23T09:32:07.486+0000: 24,188: Total time for which application threads were stopped: 0,0002738 seconds, Stopping threads took: 0,0000670 seconds
2023-11-23T09:32:08.487+0000: 25,188: Total time for which application threads were stopped: 0,0002803 seconds, Stopping threads took: 0,0000663 seconds
2023-11-23T09:32:13.488+0000: 30,189: Total time for which application threads were stopped: 0,0001099 seconds, Stopping threads took: 0,0000310 seconds
2023-11-23T09:32:14.488+0000: 31,190: Total time for which application threads were stopped: 0,0002834 seconds, Stopping threads took: 0,0000649 seconds
2023-11-23T09:32:16.489+0000: 33,190: Total time for which application threads were stopped: 0,0003147 seconds, Stopping threads took: 0,0000646 seconds
2023-11-23T09:32:18.039+0000: 34,740: Total time for which application threads were stopped: 0,0021225 seconds, Stopping threads took: 0,0001401 seconds
2023-11-23T09:32:19.039+0000: 35,741: Total time for which application threads were stopped: 0,0004094 seconds, Stopping threads took: 0,0000674 seconds
2023-11-23T09:32:21.040+0000: 37,742: Total time for which application threads were stopped: 0,0002746 seconds, Stopping threads took: 0,0000679 seconds
2023-11-23T09:32:23.040+0000: 39,742: Total time for which application threads were stopped: 0,0000975 seconds, Stopping threads took: 0,0000228 seconds
2023-11-23T09:32:25.041+0000: 41,742: Total time for which application threads were stopped: 0,0002827 seconds, Stopping threads took: 0,0000671 seconds
2023-11-23T09:32:27.042+0000: 43,743: Total time for which application threads were stopped: 0,0002811 seconds, Stopping threads took: 0,0000670 seconds
2023-11-23T09:32:28.042+0000: 44,744: Total time for which application threads were stopped: 0,0002753 seconds, Stopping threads took: 0,0000678 seconds
2023-11-23T09:32:29.043+0000: 45,744: Total time for which application threads were stopped: 0,0003260 seconds, Stopping threads took: 0,0000682 seconds
2023-11-23T09:32:30.043+0000: 46,745: Total time for which application threads were stopped: 0,0002787 seconds, Stopping threads took: 0,0000661 seconds
2023-11-23T09:32:39.044+0000: 55,746: Total time for which application threads were stopped: 0,0000879 seconds, Stopping threads took: 0,0000226 seconds
2023-11-23T09:32:48.046+0000: 64,747: Total time for which application threads were stopped: 0,0001365 seconds, Stopping threads took: 0,0000239 seconds
2023-11-23T09:32:49.046+0000: 65,747: Total time for which application threads were stopped: 0,0002533 seconds, Stopping threads took: 0,0000616 seconds
2023-11-23T09:33:30.051+0000: 106,753: Total time for which application threads were stopped: 0,0003270 seconds, Stopping threads took: 0,0000650 seconds
2023-11-23T09:33:57.055+0000: 133,756: Total time for which application threads were stopped: 0,0000862 seconds, Stopping threads took: 0,0000234 seconds
2023-11-23T09:34:00.056+0000: 136,757: Total time for which application threads were stopped: 0,0001826 seconds, Stopping threads took: 0,0000456 seconds
2023-11-23T09:34:02.056+0000: 138,758: Total time for which application threads were stopped: 0,0002754 seconds, Stopping threads took: 0,0000678 seconds
2023-11-23T09:34:14.057+0000: 150,759: Total time for which application threads were stopped: 0,0001162 seconds, Stopping threads took: 0,0000294 seconds
2023-11-23T09:34:17.058+0000: 153,760: Total time for which application threads were stopped: 0,0002672 seconds, Stopping threads took: 0,0000645 seconds
2023-11-23T09:34:43.062+0000: 179,763: Total time for which application threads were stopped: 0,0001271 seconds, Stopping threads took: 0,0000314 seconds
2023-11-23T09:34:44.062+0000: 180,764: Total time for which application threads were stopped: 0,0000923 seconds, Stopping threads took: 0,0000243 seconds
2023-11-23T09:34:45.063+0000: 181,764: Total time for which application threads were stopped: 0,0002783 seconds, Stopping threads took: 0,0000653 seconds
2023-11-23T09:34:47.063+0000: 183,765: Total time for which application threads were stopped: 0,0002896 seconds, Stopping threads took: 0,0000667 seconds
2023-11-23T09:34:59.065+0000: 195,767: Total time for which application threads were stopped: 0,0004238 seconds, Stopping threads took: 0,0000832 seconds
2023-11-23T09:35:01.066+0000: 197,767: Total time for which application threads were stopped: 0,0002834 seconds, Stopping threads took: 0,0000696 seconds
2023-11-23T09:35:04.067+0000: 200,768: Total time for which application threads were stopped: 0,0002794 seconds, Stopping threads took: 0,0000669 seconds
2023-11-23T09:35:07.067+0000: 203,769: Total time for which application threads were stopped: 0,0002876 seconds, Stopping threads took: 0,0000691 seconds
2023-11-23T09:35:20.069+0000: 216,771: Total time for which application threads were stopped: 0,0003361 seconds, Stopping threads took: 0,0000740 seconds
2023-11-23T09:35:29.071+0000: 225,772: Total time for which application threads were stopped: 0,0001205 seconds, Stopping threads took: 0,0000298 seconds
2023-11-23T09:35:30.071+0000: 226,772: Total time for which application threads were stopped: 0,0000969 seconds, Stopping threads took: 0,0000289 seconds
2023-11-23T09:35:31.071+0000: 227,773: Total time for which application threads were stopped: 0,0002944 seconds, Stopping threads took: 0,0000808 seconds
2023-11-23T09:35:33.072+0000: 229,773: Total time for which application threads were stopped: 0,0002617 seconds, Stopping threads took: 0,0000840 seconds
2023-11-23T09:35:38.701+0000: 235,402: Total time for which application threads were stopped: 0,0007821 seconds, Stopping threads took: 0,0000284 seconds
2023-11-23T09:35:38.935+0000: 235,637: Total time for which application threads were stopped: 0,0002333 seconds, Stopping threads took: 0,0000604 seconds
2023-11-23T09:35:39.291+0000: 235,993: Total time for which application threads were stopped: 0,0002462 seconds, Stopping threads took: 0,0000386 seconds
2023-11-23T09:35:39.498+0000: 236,200: Total time for which application threads were stopped: 0,0002446 seconds, Stopping threads took: 0,0000401 seconds
{Heap before GC invocations=2 (full 1):
 par new generation   total 908736K, used 854570K [0x00000006c9800000, 0x0000000707200000, 0x0000000707200000)
  eden space 807808K, 100% used [0x00000006c9800000, 0x00000006face0000, 0x00000006face0000)
  from space 100928K,  46% used [0x00000006face0000, 0x00000006fda8a938, 0x0000000700f70000)
  to   space 100928K,   0% used [0x0000000700f70000, 0x0000000700f70000, 0x0000000707200000)
 concurrent mark-sweep generation total 3028992K, used 16093K [0x0000000707200000, 0x00000007c0000000, 0x00000007c0000000)
 Metaspace       used 52782K, capacity 55829K, committed 56128K, reserved 1097728K
  class space    used 6310K, capacity 7013K, committed 7100K, reserved 1048576K
2023-11-23T09:35:39.508+0000: 236,210: [GC (Allocation Failure) 2023-11-23T09:35:39.508+0000: 236,210: [ParNew
Desired survivor size 51675136 bytes, new threshold 1 (max 1)
- age   1:   11549672 bytes,   11549672 total
: 854570K->29074K(908736K), 0,0130187 secs] 870663K->66308K(3937728K), 0,0130937 secs] [Times: user=0,09 sys=0,00, real=0,02 secs] 
Heap after GC invocations=3 (full 1):
 par new generation   total 908736K, used 29074K [0x00000006c9800000, 0x0000000707200000, 0x0000000707200000)
  eden space 807808K,   0% used [0x00000006c9800000, 0x00000006c9800000, 0x00000006face0000)
  from space 100928K,  28% used [0x0000000700f70000, 0x0000000702bd4818, 0x0000000707200000)
  to   space 100928K,   0% used [0x00000006face0000, 0x00000006face0000, 0x0000000700f70000)
 concurrent mark-sweep generation total 3028992K, used 37234K [0x0000000707200000, 0x00000007c0000000, 0x00000007c0000000)
 Metaspace       used 52782K, capacity 55829K, committed 56128K, reserved 1097728K
  class space    used 6310K, capacity 7013K, committed 7100K, reserved 1048576K
}
2023-11-23T09:35:39.521+0000: 236,223: Total time for which application threads were stopped: 0,0133530 seconds, Stopping threads took: 0,0000329 seconds
2023-11-23T09:35:39.840+0000: 236,541: Total time for which application threads were stopped: 0,0002335 seconds, Stopping threads took: 0,0000376 seconds
2023-11-23T09:35:40.840+0000: 237,541: Total time for which application threads were stopped: 0,0001619 seconds, Stopping threads took: 0,0000258 seconds
2023-11-23T09:35:41.840+0000: 238,542: Total time for which application threads were stopped: 0,0003517 seconds, Stopping threads took: 0,0000830 seconds
2023-11-23T09:35:45.841+0000: 242,543: Total time for which application threads were stopped: 0,0003201 seconds, Stopping threads took: 0,0000722 seconds
2023-11-23T09:35:48.842+0000: 245,544: Total time for which application threads were stopped: 0,0003013 seconds, Stopping threads took: 0,0000714 seconds
2023-11-23T09:35:51.843+0000: 248,544: Total time for which application threads were stopped: 0,0002952 seconds, Stopping threads took: 0,0000720 seconds
2023-11-23T09:36:05.845+0000: 262,546: Total time for which application threads were stopped: 0,0002930 seconds, Stopping threads took: 0,0000729 seconds
2023-11-23T09:36:10.846+0000: 267,547: Total time for which application threads were stopped: 0,0001004 seconds, Stopping threads took: 0,0000270 seconds
2023-11-23T09:36:18.847+0000: 275,548: Total time for which application threads were stopped: 0,0002964 seconds, Stopping threads took: 0,0000704 seconds
2023-11-23T09:36:23.848+0000: 280,550: Total time for which application threads were stopped: 0,0004931 seconds, Stopping threads took: 0,0000917 seconds
2023-11-23T09:36:26.849+0000: 283,550: Total time for which application threads were stopped: 0,0002994 seconds, Stopping threads took: 0,0000731 seconds
2023-11-23T09:36:28.849+0000: 285,551: Total time for which application threads were stopped: 0,0003049 seconds, Stopping threads took: 0,0000724 seconds
2023-11-23T09:36:30.850+0000: 287,552: Total time for which application threads were stopped: 0,0003102 seconds, Stopping threads took: 0,0000718 seconds
2023-11-23T09:36:38.851+0000: 295,553: Total time for which application threads were stopped: 0,0001294 seconds, Stopping threads took: 0,0000332 seconds
2023-11-23T09:36:39.852+0000: 296,553: Total time for which application threads were stopped: 0,0002490 seconds, Stopping threads took: 0,0000605 seconds
2023-11-23T09:36:40.852+0000: 297,554: Total time for which application threads were stopped: 0,0002931 seconds, Stopping threads took: 0,0000699 seconds
2023-11-23T09:36:45.853+0000: 302,554: Total time for which application threads were stopped: 0,0000993 seconds, Stopping threads took: 0,0000276 seconds
2023-11-23T09:36:47.853+0000: 304,555: Total time for which application threads were stopped: 0,0004476 seconds, Stopping threads took: 0,0000751 seconds
2023-11-23T09:36:48.854+0000: 305,555: Total time for which application threads were stopped: 0,0002576 seconds, Stopping threads took: 0,0000340 seconds
2023-11-23T09:36:50.854+0000: 307,555: Total time for which application threads were stopped: 0,0001022 seconds, Stopping threads took: 0,0000280 seconds
2023-11-23T09:36:56.855+0000: 313,556: Total time for which application threads were stopped: 0,0002886 seconds, Stopping threads took: 0,0000701 seconds
2023-11-23T09:36:57.855+0000: 314,557: Total time for which application threads were stopped: 0,0002824 seconds, Stopping threads took: 0,0000698 seconds
2023-11-23T09:36:58.856+0000: 315,557: Total time for which application threads were stopped: 0,0002807 seconds, Stopping threads took: 0,0000684 seconds
2023-11-23T09:37:18.859+0000: 335,560: Total time for which application threads were stopped: 0,0003681 seconds, Stopping threads took: 0,0000705 seconds
2023-11-23T09:37:52.240+0000: 368,942: Total time for which application threads were stopped: 0,0001915 seconds, Stopping threads took: 0,0000271 seconds
2023-11-23T09:37:52.696+0000: 369,397: Total time for which application threads were stopped: 0,0002467 seconds, Stopping threads took: 0,0000392 seconds
2023-11-23T09:37:53.145+0000: 369,847: Total time for which application threads were stopped: 0,0002324 seconds, Stopping threads took: 0,0000354 seconds
2023-11-23T09:37:54.145+0000: 370,847: Total time for which application threads were stopped: 0,0002370 seconds, Stopping threads took: 0,0000347 seconds
2023-11-23T09:37:59.146+0000: 375,848: Total time for which application threads were stopped: 0,0001080 seconds, Stopping threads took: 0,0000276 seconds
2023-11-23T09:38:13.148+0000: 389,850: Total time for which application threads were stopped: 0,0001008 seconds, Stopping threads took: 0,0000265 seconds
2023-11-23T09:38:14.149+0000: 390,850: Total time for which application threads were stopped: 0,0003107 seconds, Stopping threads took: 0,0000764 seconds
{Heap before GC invocations=3 (full 1):
 par new generation   total 908736K, used 836882K [0x00000006c9800000, 0x0000000707200000, 0x0000000707200000)
  eden space 807808K, 100% used [0x00000006c9800000, 0x00000006face0000, 0x00000006face0000)
  from space 100928K,  28% used [0x0000000700f70000, 0x0000000702bd4818, 0x0000000707200000)
  to   space 100928K,   0% used [0x00000006face0000, 0x00000006face0000, 0x0000000700f70000)
 concurrent mark-sweep generation total 3028992K, used 37234K [0x0000000707200000, 0x00000007c0000000, 0x00000007c0000000)
 Metaspace       used 53747K, capacity 56823K, committed 57152K, reserved 1099776K
  class space    used 6319K, capacity 7018K, committed 7100K, reserved 1048576K
2023-11-23T09:38:23.630+0000: 400,331: [GC (Allocation Failure) 2023-11-23T09:38:23.630+0000: 400,331: [ParNew
Desired survivor size 51675136 bytes, new threshold 1 (max 1)
- age   1:   18839192 bytes,   18839192 total
: 836882K->22668K(908736K), 0,0083092 secs] 874116K->62632K(3937728K), 0,0084091 secs] [Times: user=0,06 sys=0,00, real=0,01 secs] 
Heap after GC invocations=4 (full 1):
 par new generation   total 908736K, used 22668K [0x00000006c9800000, 0x0000000707200000, 0x0000000707200000)
  eden space 807808K,   0% used [0x00000006c9800000, 0x00000006c9800000, 0x00000006face0000)
  from space 100928K,  22% used [0x00000006face0000, 0x00000006fc303010, 0x0000000700f70000)
  to   space 100928K,   0% used [0x0000000700f70000, 0x0000000700f70000, 0x0000000707200000)
 concurrent mark-sweep generation total 3028992K, used 39964K [0x0000000707200000, 0x00000007c0000000, 0x00000007c0000000)
 Metaspace       used 53747K, capacity 56823K, committed 57152K, reserved 1099776K
  class space    used 6319K, capacity 7018K, committed 7100K, reserved 1048576K
}
2023-11-23T09:38:23.638+0000: 400,340: Total time for which application threads were stopped: 0,0087626 seconds, Stopping threads took: 0,0000522 seconds
2023-11-23T09:38:24.196+0000: 400,898: Total time for which application threads were stopped: 0,0002167 seconds, Stopping threads took: 0,0000437 seconds
2023-11-23T09:38:25.197+0000: 401,899: Total time for which application threads were stopped: 0,0005348 seconds, Stopping threads took: 0,0000732 seconds
2023-11-23T09:38:29.198+0000: 405,899: Total time for which application threads were stopped: 0,0002138 seconds, Stopping threads took: 0,0000424 seconds
2023-11-23T09:38:35.199+0000: 411,900: Total time for which application threads were stopped: 0,0003419 seconds, Stopping threads took: 0,0000880 seconds
2023-11-23T09:38:49.201+0000: 425,903: Total time for which application threads were stopped: 0,0003069 seconds, Stopping threads took: 0,0000737 seconds
2023-11-23T09:38:51.202+0000: 427,903: Total time for which application threads were stopped: 0,0003019 seconds, Stopping threads took: 0,0000712 seconds
2023-11-23T09:38:52.202+0000: 428,904: Total time for which application threads were stopped: 0,0003026 seconds, Stopping threads took: 0,0000730 seconds
2023-11-23T09:38:57.203+0000: 433,904: Total time for which application threads were stopped: 0,0001344 seconds, Stopping threads took: 0,0000324 seconds
2023-11-23T09:39:02.204+0000: 438,905: Total time for which application threads were stopped: 0,0002881 seconds, Stopping threads took: 0,0000698 seconds
2023-11-23T09:39:19.206+0000: 455,908: Total time for which application threads were stopped: 0,0003166 seconds, Stopping threads took: 0,0000728 seconds
2023-11-23T09:39:25.208+0000: 461,909: Total time for which application threads were stopped: 0,0003217 seconds, Stopping threads took: 0,0000796 seconds
2023-11-23T09:39:39.210+0000: 475,911: Total time for which application threads were stopped: 0,0001681 seconds, Stopping threads took: 0,0000327 seconds
2023-11-23T09:39:40.037+0000: 476,739: Total time for which application threads were stopped: 0,0002090 seconds, Stopping threads took: 0,0000305 seconds
2023-11-23T09:39:40.044+0000: 476,746: Total time for which application threads were stopped: 0,0009036 seconds, Stopping threads took: 0,0000242 seconds
2023-11-23T09:39:40.047+0000: 476,748: Total time for which application threads were stopped: 0,0007905 seconds, Stopping threads took: 0,0000136 seconds
2023-11-23T09:39:40.075+0000: 476,776: Total time for which application threads were stopped: 0,0012388 seconds, Stopping threads took: 0,0000311 seconds
2023-11-23T09:39:41.076+0000: 477,777: Total time for which application threads were stopped: 0,0005911 seconds, Stopping threads took: 0,0000866 seconds
2023-11-23T09:39:44.077+0000: 480,778: Total time for which application threads were stopped: 0,0003453 seconds, Stopping threads took: 0,0000780 seconds
2023-11-23T09:39:49.077+0000: 485,779: Total time for which application threads were stopped: 0,0005047 seconds, Stopping threads took: 0,0000800 seconds
2023-11-23T09:40:21.082+0000: 517,784: Total time for which application threads were stopped: 0,0003156 seconds, Stopping threads took: 0,0000775 seconds
2023-11-23T09:40:43.085+0000: 539,787: Total time for which application threads were stopped: 0,0003285 seconds, Stopping threads took: 0,0001054 seconds
{Heap before GC invocations=4 (full 1):
 par new generation   total 908736K, used 830476K [0x00000006c9800000, 0x0000000707200000, 0x0000000707200000)
  eden space 807808K, 100% used [0x00000006c9800000, 0x00000006face0000, 0x00000006face0000)
  from space 100928K,  22% used [0x00000006face0000, 0x00000006fc303010, 0x0000000700f70000)
  to   space 100928K,   0% used [0x0000000700f70000, 0x0000000700f70000, 0x0000000707200000)
 concurrent mark-sweep generation total 3028992K, used 39964K [0x0000000707200000, 0x00000007c0000000, 0x00000007c0000000)
 Metaspace       used 54791K, capacity 58071K, committed 58304K, reserved 1099776K
  class space    used 6384K, capacity 7116K, committed 7228K, reserved 1048576K
2023-11-23T09:40:44.510+0000: 541,212: [GC (Allocation Failure) 2023-11-23T09:40:44.510+0000: 541,212: [ParNew
Desired survivor size 51675136 bytes, new threshold 1 (max 1)
- age   1:   19851224 bytes,   19851224 total
: 830476K->20681K(908736K), 0,0094169 secs] 870440K->63568K(3937728K), 0,0095615 secs] [Times: user=0,09 sys=0,00, real=0,01 secs] 
Heap after GC invocations=5 (full 1):
 par new generation   total 908736K, used 20681K [0x00000006c9800000, 0x0000000707200000, 0x0000000707200000)
  eden space 807808K,   0% used [0x00000006c9800000, 0x00000006c9800000, 0x00000006face0000)
  from space 100928K,  20% used [0x0000000700f70000, 0x00000007023a2468, 0x0000000707200000)
  to   space 100928K,   0% used [0x00000006face0000, 0x00000006face0000, 0x0000000700f70000)
 concurrent mark-sweep generation total 3028992K, used 42887K [0x0000000707200000, 0x00000007c0000000, 0x00000007c0000000)
 Metaspace       used 54791K, capacity 58071K, committed 58304K, reserved 1099776K
  class space    used 6384K, capacity 7116K, committed 7228K, reserved 1048576K
}
2023-11-23T09:40:44.520+0000: 541,222: Total time for which application threads were stopped: 0,0099842 seconds, Stopping threads took: 0,0000742 seconds
2023-11-23T09:41:53.529+0000: 610,230: Total time for which application threads were stopped: 0,0001514 seconds, Stopping threads took: 0,0000262 seconds
2023-11-23T09:41:54.318+0000: 611,020: Total time for which application threads were stopped: 0,0002415 seconds, Stopping threads took: 0,0000435 seconds
2023-11-23T09:41:55.319+0000: 612,020: Total time for which application threads were stopped: 0,0002008 seconds, Stopping threads took: 0,0000307 seconds
2023-11-23T09:41:59.320+0000: 616,021: Total time for which application threads were stopped: 0,0003163 seconds, Stopping threads took: 0,0000777 seconds
2023-11-23T09:42:18.322+0000: 635,024: Total time for which application threads were stopped: 0,0002358 seconds, Stopping threads took: 0,0000368 seconds
{Heap before GC invocations=5 (full 1):
 par new generation   total 908736K, used 828004K [0x00000006c9800000, 0x0000000707200000, 0x0000000707200000)
  eden space 807808K,  99% used [0x00000006c9800000, 0x00000006fac66bb8, 0x00000006face0000)
  from space 100928K,  20% used [0x0000000700f70000, 0x00000007023a2468, 0x0000000707200000)
  to   space 100928K,   0% used [0x00000006face0000, 0x00000006face0000, 0x0000000700f70000)
 concurrent mark-sweep generation total 3028992K, used 42887K [0x0000000707200000, 0x00000007c0000000, 0x00000007c0000000)
 Metaspace       used 54993K, capacity 58305K, committed 58560K, reserved 1101824K
  class space    used 6389K, capacity 7121K, committed 7228K, reserved 1048576K
2023-11-23T09:42:26.014+0000: 642,715: [GC (Allocation Failure) 2023-11-23T09:42:26.014+0000: 642,715: [ParNew
Desired survivor size 51675136 bytes, new threshold 1 (max 1)
- age   1:   26674104 bytes,   26674104 total
: 828004K->28086K(908736K), 0,0050876 secs] 870891K->75024K(3937728K), 0,0051841 secs] [Times: user=0,04 sys=0,00, real=0,00 secs] 
Heap after GC invocations=6 (full 1):
 par new generation   total 908736K, used 28086K [0x00000006c9800000, 0x0000000707200000, 0x0000000707200000)
  eden space 807808K,   0% used [0x00000006c9800000, 0x00000006c9800000, 0x00000006face0000)
  from space 100928K,  27% used [0x00000006face0000, 0x00000006fc84d8d0, 0x0000000700f70000)
  to   space 100928K,   0% used [0x0000000700f70000, 0x0000000700f70000, 0x0000000707200000)
 concurrent mark-sweep generation total 3028992K, used 46938K [0x0000000707200000, 0x00000007c0000000, 0x00000007c0000000)
 Metaspace       used 54993K, capacity 58305K, committed 58560K, reserved 1101824K
  class space    used 6389K, capacity 7121K, committed 7228K, reserved 1048576K
}
2023-11-23T09:42:26.019+0000: 642,721: Total time for which application threads were stopped: 0,0055055 seconds, Stopping threads took: 0,0000344 seconds
2023-11-23T09:42:26.838+0000: 643,539: Total time for which application threads were stopped: 0,0002545 seconds, Stopping threads took: 0,0000708 seconds
2023-11-23T09:42:27.838+0000: 644,540: Total time for which application threads were stopped: 0,0003911 seconds, Stopping threads took: 0,0000808 seconds
2023-11-23T09:42:28.839+0000: 645,540: Total time for which application threads were stopped: 0,0003346 seconds, Stopping threads took: 0,0000812 seconds
2023-11-23T09:43:48.850+0000: 725,551: Total time for which application threads were stopped: 0,0003184 seconds, Stopping threads took: 0,0000768 seconds
2023-11-23T09:43:49.850+0000: 726,551: Total time for which application threads were stopped: 0,0001621 seconds, Stopping threads took: 0,0000456 seconds
2023-11-23T09:43:56.851+0000: 733,553: Total time for which application threads were stopped: 0,0004281 seconds, Stopping threads took: 0,0000937 seconds
2023-11-23T09:45:28.865+0000: 825,566: Total time for which application threads were stopped: 0,0003450 seconds, Stopping threads took: 0,0001038 seconds
2023-11-23T09:45:38.866+0000: 835,568: Total time for which application threads were stopped: 0,0003249 seconds, Stopping threads took: 0,0000763 seconds
2023-11-23T09:45:55.869+0000: 852,571: Total time for which application threads were stopped: 0,0003210 seconds, Stopping threads took: 0,0000775 seconds
2023-11-23T09:46:26.874+0000: 883,575: Total time for which application threads were stopped: 0,0001741 seconds, Stopping threads took: 0,0000262 seconds
{Heap before GC invocations=6 (full 1):
 par new generation   total 908736K, used 835894K [0x00000006c9800000, 0x0000000707200000, 0x0000000707200000)
  eden space 807808K, 100% used [0x00000006c9800000, 0x00000006face0000, 0x00000006face0000)
  from space 100928K,  27% used [0x00000006face0000, 0x00000006fc84d8d0, 0x0000000700f70000)
  to   space 100928K,   0% used [0x0000000700f70000, 0x0000000700f70000, 0x0000000707200000)
 concurrent mark-sweep generation total 3028992K, used 46938K [0x0000000707200000, 0x00000007c0000000, 0x00000007c0000000)
 Metaspace       used 55188K, capacity 58453K, committed 58560K, reserved 1101824K
  class space    used 6389K, capacity 7121K, committed 7228K, reserved 1048576K
2023-11-23T09:46:27.720+0000: 884,422: [GC (Allocation Failure) 2023-11-23T09:46:27.720+0000: 884,422: [ParNew
Desired survivor size 51675136 bytes, new threshold 1 (max 1)
- age   1:   18900312 bytes,   18900312 total
: 835894K->19414K(908736K), 0,0066608 secs] 882832K->69900K(3937728K), 0,0067683 secs] [Times: user=0,07 sys=0,00, real=0,01 secs] 
Heap after GC invocations=7 (full 1):
 par new generation   total 908736K, used 19414K [0x00000006c9800000, 0x0000000707200000, 0x0000000707200000)
  eden space 807808K,   0% used [0x00000006c9800000, 0x00000006c9800000, 0x00000006face0000)
  from space 100928K,  19% used [0x0000000700f70000, 0x00000007022658a0, 0x0000000707200000)
  to   space 100928K,   0% used [0x00000006face0000, 0x00000006face0000, 0x0000000700f70000)
 concurrent mark-sweep generation total 3028992K, used 50486K [0x0000000707200000, 0x00000007c0000000, 0x00000007c0000000)
 Metaspace       used 55188K, capacity 58453K, committed 58560K, reserved 1101824K
  class space    used 6389K, capacity 7121K, committed 7228K, reserved 1048576K
}
2023-11-23T09:46:27.727+0000: 884,428: Total time for which application threads were stopped: 0,0071618 seconds, Stopping threads took: 0,0000602 seconds
2023-11-23T09:46:28.727+0000: 885,429: Total time for which application threads were stopped: 0,0001827 seconds, Stopping threads took: 0,0000412 seconds
2023-11-23T09:46:57.732+0000: 914,433: Total time for which application threads were stopped: 0,0003714 seconds, Stopping threads took: 0,0001113 seconds
2023-11-23T09:47:47.739+0000: 964,441: Total time for which application threads were stopped: 0,0003198 seconds, Stopping threads took: 0,0000783 seconds
2023-11-23T09:50:42.763+0000: 1139,464: Total time for which application threads were stopped: 0,0001326 seconds, Stopping threads took: 0,0000276 seconds
2023-11-23T09:50:43.763+0000: 1140,465: Total time for which application threads were stopped: 0,0002416 seconds, Stopping threads took: 0,0000442 seconds
2023-11-23T09:50:44.126+0000: 1140,827: Total time for which application threads were stopped: 0,0016448 seconds, Stopping threads took: 0,0000392 seconds
2023-11-23T09:50:45.126+0000: 1141,828: Total time for which application threads were stopped: 0,0004164 seconds, Stopping threads took: 0,0000775 seconds
2023-11-23T09:50:49.127+0000: 1145,829: Total time for which application threads were stopped: 0,0003633 seconds, Stopping threads took: 0,0001142 seconds
2023-11-23T09:51:49.136+0000: 1205,838: Total time for which application threads were stopped: 0,0001197 seconds, Stopping threads took: 0,0000303 seconds
{Heap before GC invocations=7 (full 1):
 par new generation   total 908736K, used 827222K [0x00000006c9800000, 0x0000000707200000, 0x0000000707200000)
  eden space 807808K, 100% used [0x00000006c9800000, 0x00000006face0000, 0x00000006face0000)
  from space 100928K,  19% used [0x0000000700f70000, 0x00000007022658a0, 0x0000000707200000)
  to   space 100928K,   0% used [0x00000006face0000, 0x00000006face0000, 0x0000000700f70000)
 concurrent mark-sweep generation total 3028992K, used 50486K [0x0000000707200000, 0x00000007c0000000, 0x00000007c0000000)
 Metaspace       used 55372K, capacity 58657K, committed 58816K, reserved 1101824K
  class space    used 6400K, capacity 7121K, committed 7228K, reserved 1048576K
2023-11-23T09:51:49.549+0000: 1206,251: [GC (Allocation Failure) 2023-11-23T09:51:49.549+0000: 1206,251: [ParNew
Desired survivor size 51675136 bytes, new threshold 1 (max 1)
- age   1:   12260384 bytes,   12260384 total
: 827222K->14008K(908736K), 0,0050047 secs] 877708K->67211K(3937728K), 0,0050745 secs] [Times: user=0,05 sys=0,00, real=0,01 secs] 
Heap after GC invocations=8 (full 1):
 par new generation   total 908736K, used 14008K [0x00000006c9800000, 0x0000000707200000, 0x0000000707200000)
  eden space 807808K,   0% used [0x00000006c9800000, 0x00000006c9800000, 0x00000006face0000)
  from space 100928K,  13% used [0x00000006face0000, 0x00000006fba8e2b0, 0x0000000700f70000)
  to   space 100928K,   0% used [0x0000000700f70000, 0x0000000700f70000, 0x0000000707200000)
 concurrent mark-sweep generation total 3028992K, used 53202K [0x0000000707200000, 0x00000007c0000000, 0x00000007c0000000)
 Metaspace       used 55372K, capacity 58657K, committed 58816K, reserved 1101824K
  class space    used 6400K, capacity 7121K, committed 7228K, reserved 1048576K
}
2023-11-23T09:51:49.554+0000: 1206,256: Total time for which application threads were stopped: 0,0052715 seconds, Stopping threads took: 0,0000282 seconds
2023-11-23T09:51:50.555+0000: 1207,256: Total time for which application threads were stopped: 0,0002745 seconds, Stopping threads took: 0,0000722 seconds
2023-11-23T09:51:51.555+0000: 1208,256: Total time for which application threads were stopped: 0,0001276 seconds, Stopping threads took: 0,0000314 seconds
2023-11-23T09:51:54.555+0000: 1211,257: Total time for which application threads were stopped: 0,0001288 seconds, Stopping threads took: 0,0000360 seconds
2023-11-23T09:52:09.557+0000: 1226,259: Total time for which application threads were stopped: 0,0003556 seconds, Stopping threads took: 0,0000810 seconds
2023-11-23T09:52:18.559+0000: 1235,260: Total time for which application threads were stopped: 0,0003710 seconds, Stopping threads took: 0,0000820 seconds
2023-11-23T09:52:59.565+0000: 1276,267: Total time for which application threads were stopped: 0,0003408 seconds, Stopping threads took: 0,0000870 seconds
2023-11-23T09:53:06.567+0000: 1283,268: Total time for which application threads were stopped: 0,0003607 seconds, Stopping threads took: 0,0000928 seconds
2023-11-23T09:53:09.567+0000: 1286,269: Total time for which application threads were stopped: 0,0003679 seconds, Stopping threads took: 0,0000807 seconds
2023-11-23T09:53:39.572+0000: 1316,273: Total time for which application threads were stopped: 0,0003860 seconds, Stopping threads took: 0,0000838 seconds
2023-11-23T09:53:48.573+0000: 1325,275: Total time for which application threads were stopped: 0,0003280 seconds, Stopping threads took: 0,0000820 seconds
2023-11-23T09:53:49.574+0000: 1326,275: Total time for which application threads were stopped: 0,0003351 seconds, Stopping threads took: 0,0000824 seconds
2023-11-23T09:54:29.579+0000: 1366,281: Total time for which application threads were stopped: 0,0003333 seconds, Stopping threads took: 0,0000832 seconds
2023-11-23T09:57:18.602+0000: 1535,303: Total time for which application threads were stopped: 0,0001833 seconds, Stopping threads took: 0,0000332 seconds
2023-11-23T09:57:41.605+0000: 1558,307: Total time for which application threads were stopped: 0,0001308 seconds, Stopping threads took: 0,0000280 seconds
{Heap before GC invocations=8 (full 1):
 par new generation   total 908736K, used 820898K [0x00000006c9800000, 0x0000000707200000, 0x0000000707200000)
  eden space 807808K,  99% used [0x00000006c9800000, 0x00000006fabfa8d0, 0x00000006face0000)
  from space 100928K,  13% used [0x00000006face0000, 0x00000006fba8e2b0, 0x0000000700f70000)
  to   space 100928K,   0% used [0x0000000700f70000, 0x0000000700f70000, 0x0000000707200000)
 concurrent mark-sweep generation total 3028992K, used 53202K [0x0000000707200000, 0x00000007c0000000, 0x00000007c0000000)
 Metaspace       used 55525K, capacity 58893K, committed 59072K, reserved 1101824K
  class space    used 6402K, capacity 7121K, committed 7228K, reserved 1048576K
2023-11-23T09:57:42.469+0000: 1559,171: [GC (Allocation Failure) 2023-11-23T09:57:42.469+0000: 1559,171: [ParNew
Desired survivor size 51675136 bytes, new threshold 1 (max 1)
- age   1:   23522808 bytes,   23522808 total
: 820898K->24018K(908736K), 0,0057166 secs] 874101K->78863K(3937728K), 0,0057962 secs] [Times: user=0,05 sys=0,00, real=0,01 secs] 
Heap after GC invocations=9 (full 1):
 par new generation   total 908736K, used 24018K [0x00000006c9800000, 0x0000000707200000, 0x0000000707200000)
  eden space 807808K,   0% used [0x00000006c9800000, 0x00000006c9800000, 0x00000006face0000)
  from space 100928K,  23% used [0x0000000700f70000, 0x00000007026e49d0, 0x0000000707200000)
  to   space 100928K,   0% used [0x00000006face0000, 0x00000006face0000, 0x0000000700f70000)
 concurrent mark-sweep generation total 3028992K, used 54845K [0x0000000707200000, 0x00000007c0000000, 0x00000007c0000000)
 Metaspace       used 55525K, capacity 58893K, committed 59072K, reserved 1101824K
  class space    used 6402K, capacity 7121K, committed 7228K, reserved 1048576K
}
2023-11-23T09:57:42.475+0000: 1559,176: Total time for which application threads were stopped: 0,0060262 seconds, Stopping threads took: 0,0000368 seconds
2023-11-23T09:57:43.475+0000: 1560,177: Total time for which application threads were stopped: 0,0001706 seconds, Stopping threads took: 0,0000305 seconds
2023-11-23T09:57:44.476+0000: 1561,177: Total time for which application threads were stopped: 0,0003814 seconds, Stopping threads took: 0,0000812 seconds
2023-11-23T09:57:48.477+0000: 1565,178: Total time for which application threads were stopped: 0,0001645 seconds, Stopping threads took: 0,0000864 seconds
2023-11-23T09:57:49.477+0000: 1566,178: Total time for which application threads were stopped: 0,0003634 seconds, Stopping threads took: 0,0000831 seconds
2023-11-23T09:57:57.478+0000: 1574,180: Total time for which application threads were stopped: 0,0001989 seconds, Stopping threads took: 0,0000685 seconds
2023-11-23T09:57:58.478+0000: 1575,180: Total time for which application threads were stopped: 0,0002006 seconds, Stopping threads took: 0,0000452 seconds
2023-11-23T09:57:59.479+0000: 1576,180: Total time for which application threads were stopped: 0,0003131 seconds, Stopping threads took: 0,0000646 seconds
{Heap before GC invocations=9 (full 1):
 par new generation   total 908736K, used 831442K [0x00000006c9800000, 0x0000000707200000, 0x0000000707200000)
  eden space 807808K,  99% used [0x00000006c9800000, 0x00000006fac80138, 0x00000006face0000)
  from space 100928K,  23% used [0x0000000700f70000, 0x00000007026e49d0, 0x0000000707200000)
  to   space 100928K,   0% used [0x00000006face0000, 0x00000006face0000, 0x0000000700f70000)
 concurrent mark-sweep generation total 3028992K, used 54845K [0x0000000707200000, 0x00000007c0000000, 0x00000007c0000000)
 Metaspace       used 55616K, capacity 58981K, committed 59328K, reserved 1101824K
  class space    used 6404K, capacity 7121K, committed 7228K, reserved 1048576K
2023-11-23T09:59:43.378+0000: 1680,080: [GC (Allocation Failure) 2023-11-23T09:59:43.378+0000: 1680,080: [ParNew
Desired survivor size 51675136 bytes, new threshold 1 (max 1)
- age   1:   21294784 bytes,   21294784 total
: 831442K->21924K(908736K), 0,0053756 secs] 886287K->81315K(3937728K), 0,0054751 secs] [Times: user=0,05 sys=0,00, real=0,01 secs] 
Heap after GC invocations=10 (full 1):
 par new generation   total 908736K, used 21924K [0x00000006c9800000, 0x0000000707200000, 0x0000000707200000)
  eden space 807808K,   0% used [0x00000006c9800000, 0x00000006c9800000, 0x00000006face0000)
  from space 100928K,  21% used [0x00000006face0000, 0x00000006fc249370, 0x0000000700f70000)
  to   space 100928K,   0% used [0x0000000700f70000, 0x0000000700f70000, 0x0000000707200000)
 concurrent mark-sweep generation total 3028992K, used 59390K [0x0000000707200000, 0x00000007c0000000, 0x00000007c0000000)
 Metaspace       used 55616K, capacity 58981K, committed 59328K, reserved 1101824K
  class space    used 6404K, capacity 7121K, committed 7228K, reserved 1048576K
}
2023-11-23T09:59:43.384+0000: 1680,085: Total time for which application threads were stopped: 0,0056946 seconds, Stopping threads took: 0,0000361 seconds
2023-11-23T09:59:44.384+0000: 1681,086: Total time for which application threads were stopped: 0,0002036 seconds, Stopping threads took: 0,0000333 seconds
2023-11-23T09:59:45.384+0000: 1682,086: Total time for which application threads were stopped: 0,0001471 seconds, Stopping threads took: 0,0000337 seconds
2023-11-23T10:00:02.387+0000: 1699,088: Total time for which application threads were stopped: 0,0001627 seconds, Stopping threads took: 0,0000422 seconds
{Heap before GC invocations=10 (full 1):
 par new generation   total 908736K, used 829732K [0x00000006c9800000, 0x0000000707200000, 0x0000000707200000)
  eden space 807808K, 100% used [0x00000006c9800000, 0x00000006face0000, 0x00000006face0000)
  from space 100928K,  21% used [0x00000006face0000, 0x00000006fc249370, 0x0000000700f70000)
  to   space 100928K,   0% used [0x0000000700f70000, 0x0000000700f70000, 0x0000000707200000)
 concurrent mark-sweep generation total 3028992K, used 59390K [0x0000000707200000, 0x00000007c0000000, 0x00000007c0000000)
 Metaspace       used 55706K, capacity 59049K, committed 59328K, reserved 1101824K
  class space    used 6404K, capacity 7121K, committed 7228K, reserved 1048576K
2023-11-23T10:00:03.312+0000: 1700,014: [GC (Allocation Failure) 2023-11-23T10:00:03.312+0000: 1700,014: [ParNew
Desired survivor size 51675136 bytes, new threshold 1 (max 1)
- age   1:   18063120 bytes,   18063120 total
: 829732K->18886K(908736K), 0,0061910 secs] 889123K->81799K(3937728K), 0,0063309 secs] [Times: user=0,05 sys=0,00, real=0,01 secs] 
Heap after GC invocations=11 (full 1):
 par new generation   total 908736K, used 18886K [0x00000006c9800000, 0x0000000707200000, 0x0000000707200000)
  eden space 807808K,   0% used [0x00000006c9800000, 0x00000006c9800000, 0x00000006face0000)
  from space 100928K,  18% used [0x0000000700f70000, 0x00000007021e1830, 0x0000000707200000)
  to   space 100928K,   0% used [0x00000006face0000, 0x00000006face0000, 0x0000000700f70000)
 concurrent mark-sweep generation total 3028992K, used 62913K [0x0000000707200000, 0x00000007c0000000, 0x00000007c0000000)
 Metaspace       used 55706K, capacity 59049K, committed 59328K, reserved 1101824K
  class space    used 6404K, capacity 7121K, committed 7228K, reserved 1048576K
}
2023-11-23T10:00:03.319+0000: 1700,020: Total time for which application threads were stopped: 0,0067333 seconds, Stopping threads took: 0,0000419 seconds
2023-11-23T10:00:04.319+0000: 1701,020: Total time for which application threads were stopped: 0,0002051 seconds, Stopping threads took: 0,0000432 seconds
2023-11-23T10:00:09.320+0000: 1706,021: Total time for which application threads were stopped: 0,0002463 seconds, Stopping threads took: 0,0000556 seconds
2023-11-23T10:00:40.325+0000: 1737,026: Total time for which application threads were stopped: 0,0003899 seconds, Stopping threads took: 0,0000826 seconds
2023-11-23T10:01:23.330+0000: 1780,031: Total time for which application threads were stopped: 0,0003317 seconds, Stopping threads took: 0,0000824 seconds
2023-11-23T10:01:49.334+0000: 1806,036: Total time for which application threads were stopped: 0,0003318 seconds, Stopping threads took: 0,0000825 seconds
2023-11-23T10:01:59.336+0000: 1816,038: Total time for which application threads were stopped: 0,0004493 seconds, Stopping threads took: 0,0000982 seconds
2023-11-23T10:02:04.337+0000: 1821,039: Total time for which application threads were stopped: 0,0003327 seconds, Stopping threads took: 0,0000806 seconds
2023-11-23T10:02:09.338+0000: 1826,040: Total time for which application threads were stopped: 0,0003273 seconds, Stopping threads took: 0,0000805 seconds
2023-11-23T10:02:18.339+0000: 1835,041: Total time for which application threads were stopped: 0,0001156 seconds, Stopping threads took: 0,0000325 seconds
2023-11-23T10:02:28.341+0000: 1845,043: Total time for which application threads were stopped: 0,0003402 seconds, Stopping threads took: 0,0000823 seconds
2023-11-23T10:03:04.347+0000: 1881,049: Total time for which application threads were stopped: 0,0003394 seconds, Stopping threads took: 0,0000818 seconds
2023-11-23T10:04:19.358+0000: 1956,059: Total time for which application threads were stopped: 0,0003365 seconds, Stopping threads took: 0,0000800 seconds
2023-11-23T10:06:10.372+0000: 2067,073: Total time for which application threads were stopped: 0,0001536 seconds, Stopping threads took: 0,0000527 seconds
2023-11-23T10:06:11.372+0000: 2068,074: Total time for which application threads were stopped: 0,0002256 seconds, Stopping threads took: 0,0000676 seconds
2023-11-23T10:06:12.373+0000: 2069,074: Total time for which application threads were stopped: 0,0001701 seconds, Stopping threads took: 0,0000316 seconds
{Heap before GC invocations=11 (full 1):
 par new generation   total 908736K, used 826535K [0x00000006c9800000, 0x0000000707200000, 0x0000000707200000)
  eden space 807808K,  99% used [0x00000006c9800000, 0x00000006facb8528, 0x00000006face0000)
  from space 100928K,  18% used [0x0000000700f70000, 0x00000007021e1830, 0x0000000707200000)
  to   space 100928K,   0% used [0x00000006face0000, 0x00000006face0000, 0x0000000700f70000)
 concurrent mark-sweep generation total 3028992K, used 62913K [0x0000000707200000, 0x00000007c0000000, 0x00000007c0000000)
 Metaspace       used 55807K, capacity 59129K, committed 59328K, reserved 1101824K
  class space    used 6406K, capacity 7121K, committed 7228K, reserved 1048576K
2023-11-23T10:06:45.235+0000: 2101,936: [GC (Allocation Failure) 2023-11-23T10:06:45.235+0000: 2101,936: [ParNew
Desired survivor size 51675136 bytes, new threshold 1 (max 1)
- age   1:   23125128 bytes,   23125128 total
: 826535K->23357K(908736K), 0,0056347 secs] 889449K->89440K(3937728K), 0,0057630 secs] [Times: user=0,05 sys=0,01, real=0,01 secs] 
Heap after GC invocations=12 (full 1):
 par new generation   total 908736K, used 23357K [0x00000006c9800000, 0x0000000707200000, 0x0000000707200000)
  eden space 807808K,   0% used [0x00000006c9800000, 0x00000006c9800000, 0x00000006face0000)
  from space 100928K,  23% used [0x00000006face0000, 0x00000006fc3af560, 0x0000000700f70000)
  to   space 100928K,   0% used [0x0000000700f70000, 0x0000000700f70000, 0x0000000707200000)
 concurrent mark-sweep generation total 3028992K, used 66083K [0x0000000707200000, 0x00000007c0000000, 0x00000007c0000000)
 Metaspace       used 55807K, capacity 59129K, committed 59328K, reserved 1101824K
  class space    used 6406K, capacity 7121K, committed 7228K, reserved 1048576K
}
2023-11-23T10:06:45.241+0000: 2101,942: Total time for which application threads were stopped: 0,0060109 seconds, Stopping threads took: 0,0000863 seconds
2023-11-23T10:06:46.241+0000: 2102,942: Total time for which application threads were stopped: 0,0002702 seconds, Stopping threads took: 0,0000527 seconds
2023-11-23T10:06:47.241+0000: 2103,943: Total time for which application threads were stopped: 0,0002192 seconds, Stopping threads took: 0,0000389 seconds
2023-11-23T10:10:21.272+0000: 2317,973: Total time for which application threads were stopped: 0,0001296 seconds, Stopping threads took: 0,0000286 seconds
{Heap before GC invocations=12 (full 1):
 par new generation   total 908736K, used 830190K [0x00000006c9800000, 0x0000000707200000, 0x0000000707200000)
  eden space 807808K,  99% used [0x00000006c9800000, 0x00000006fabec348, 0x00000006face0000)
  from space 100928K,  23% used [0x00000006face0000, 0x00000006fc3af560, 0x0000000700f70000)
  to   space 100928K,   0% used [0x0000000700f70000, 0x0000000700f70000, 0x0000000707200000)
 concurrent mark-sweep generation total 3028992K, used 66083K [0x0000000707200000, 0x00000007c0000000, 0x00000007c0000000)
 Metaspace       used 55915K, capacity 59261K, committed 59584K, reserved 1101824K
  class space    used 6407K, capacity 7121K, committed 7228K, reserved 1048576K
2023-11-23T10:10:22.191+0000: 2318,892: [GC (Allocation Failure) 2023-11-23T10:10:22.191+0000: 2318,892: [ParNew
Desired survivor size 51675136 bytes, new threshold 1 (max 1)
- age   1:   39496560 bytes,   39496560 total
: 830190K->40366K(908736K), 0,0065122 secs] 896273K->109620K(3937728K), 0,0066137 secs] [Times: user=0,06 sys=0,00, real=0,01 secs] 
Heap after GC invocations=13 (full 1):
 par new generation   total 908736K, used 40366K [0x00000006c9800000, 0x0000000707200000, 0x0000000707200000)
  eden space 807808K,   0% used [0x00000006c9800000, 0x00000006c9800000, 0x00000006face0000)
  from space 100928K,  39% used [0x0000000700f70000, 0x00000007036db988, 0x0000000707200000)
  to   space 100928K,   0% used [0x00000006face0000, 0x00000006face0000, 0x0000000700f70000)
 concurrent mark-sweep generation total 3028992K, used 69253K [0x0000000707200000, 0x00000007c0000000, 0x00000007c0000000)
 Metaspace       used 55915K, capacity 59261K, committed 59584K, reserved 1101824K
  class space    used 6407K, capacity 7121K, committed 7228K, reserved 1048576K
}
2023-11-23T10:10:22.197+0000: 2318,899: Total time for which application threads were stopped: 0,0069081 seconds, Stopping threads took: 0,0000613 seconds
2023-11-23T10:10:23.198+0000: 2319,899: Total time for which application threads were stopped: 0,0003598 seconds, Stopping threads took: 0,0000788 seconds
2023-11-23T10:11:06.204+0000: 2362,906: Total time for which application threads were stopped: 0,0002074 seconds, Stopping threads took: 0,0000970 seconds
2023-11-23T10:11:07.204+0000: 2363,906: Total time for which application threads were stopped: 0,0001993 seconds, Stopping threads took: 0,0000403 seconds
2023-11-23T10:11:08.204+0000: 2364,906: Total time for which application threads were stopped: 0,0001256 seconds, Stopping threads took: 0,0000349 seconds
2023-11-23T10:12:06.213+0000: 2422,914: Total time for which application threads were stopped: 0,0001449 seconds, Stopping threads took: 0,0000448 seconds
{Heap before GC invocations=13 (full 1):
 par new generation   total 908736K, used 847683K [0x00000006c9800000, 0x0000000707200000, 0x0000000707200000)
  eden space 807808K,  99% used [0x00000006c9800000, 0x00000006fac65290, 0x00000006face0000)
  from space 100928K,  39% used [0x0000000700f70000, 0x00000007036db988, 0x0000000707200000)
  to   space 100928K,   0% used [0x00000006face0000, 0x00000006face0000, 0x0000000700f70000)
 concurrent mark-sweep generation total 3028992K, used 69253K [0x0000000707200000, 0x00000007c0000000, 0x00000007c0000000)
 Metaspace       used 55998K, capacity 59361K, committed 59584K, reserved 1101824K
  class space    used 6407K, capacity 7121K, committed 7228K, reserved 1048576K
2023-11-23T10:12:06.273+0000: 2422,975: [GC (Allocation Failure) 2023-11-23T10:12:06.273+0000: 2422,975: [ParNew
Desired survivor size 51675136 bytes, new threshold 1 (max 1)
- age   1:   17608104 bytes,   17608104 total
: 847683K->17939K(908736K), 0,0048808 secs] 916936K->91420K(3937728K), 0,0049519 secs] [Times: user=0,05 sys=0,00, real=0,00 secs] 
Heap after GC invocations=14 (full 1):
 par new generation   total 908736K, used 17939K [0x00000006c9800000, 0x0000000707200000, 0x0000000707200000)
  eden space 807808K,   0% used [0x00000006c9800000, 0x00000006c9800000, 0x00000006face0000)
  from space 100928K,  17% used [0x00000006face0000, 0x00000006fbe64dd0, 0x0000000700f70000)
  to   space 100928K,   0% used [0x0000000700f70000, 0x0000000700f70000, 0x0000000707200000)
 concurrent mark-sweep generation total 3028992K, used 73481K [0x0000000707200000, 0x00000007c0000000, 0x00000007c0000000)
 Metaspace       used 55998K, capacity 59361K, committed 59584K, reserved 1101824K
  class space    used 6407K, capacity 7121K, committed 7228K, reserved 1048576K
}
2023-11-23T10:12:06.278+0000: 2422,980: Total time for which application threads were stopped: 0,0051575 seconds, Stopping threads took: 0,0000470 seconds
2023-11-23T10:12:07.279+0000: 2423,980: Total time for which application threads were stopped: 0,0002043 seconds, Stopping threads took: 0,0000342 seconds
2023-11-23T10:12:08.279+0000: 2424,980: Total time for which application threads were stopped: 0,0001476 seconds, Stopping threads took: 0,0000325 seconds
2023-11-23T10:12:18.281+0000: 2434,982: Total time for which application threads were stopped: 0,0004657 seconds, Stopping threads took: 0,0001858 seconds
2023-11-23T10:14:20.297+0000: 2556,998: Total time for which application threads were stopped: 0,0001567 seconds, Stopping threads took: 0,0000400 seconds
2023-11-23T10:15:00.303+0000: 2597,004: Total time for which application threads were stopped: 0,0002156 seconds, Stopping threads took: 0,0000916 seconds
2023-11-23T10:16:59.321+0000: 2716,022: Total time for which application threads were stopped: 0,0003353 seconds, Stopping threads took: 0,0000824 seconds
2023-11-23T10:17:18.324+0000: 2735,026: Total time for which application threads were stopped: 0,0002068 seconds, Stopping threads took: 0,0000532 seconds
2023-11-23T10:17:19.325+0000: 2736,026: Total time for which application threads were stopped: 0,0003472 seconds, Stopping threads took: 0,0000746 seconds
2023-11-23T10:17:48.328+0000: 2765,030: Total time for which application threads were stopped: 0,0001534 seconds, Stopping threads took: 0,0000423 seconds
2023-11-23T10:18:20.333+0000: 2797,035: Total time for which application threads were stopped: 0,0001106 seconds, Stopping threads took: 0,0000312 seconds
2023-11-23T10:19:06.339+0000: 2843,041: Total time for which application threads were stopped: 0,0001580 seconds, Stopping threads took: 0,0000308 seconds
{Heap before GC invocations=14 (full 1):
 par new generation   total 908736K, used 825747K [0x00000006c9800000, 0x0000000707200000, 0x0000000707200000)
  eden space 807808K, 100% used [0x00000006c9800000, 0x00000006face0000, 0x00000006face0000)
  from space 100928K,  17% used [0x00000006face0000, 0x00000006fbe64dd0, 0x0000000700f70000)
  to   space 100928K,   0% used [0x0000000700f70000, 0x0000000700f70000, 0x0000000707200000)
 concurrent mark-sweep generation total 3028992K, used 73481K [0x0000000707200000, 0x00000007c0000000, 0x00000007c0000000)
 Metaspace       used 56123K, capacity 59501K, committed 59840K, reserved 1101824K
  class space    used 6407K, capacity 7121K, committed 7228K, reserved 1048576K
2023-11-23T10:19:06.733+0000: 2843,435: [GC (Allocation Failure) 2023-11-23T10:19:06.733+0000: 2843,435: [ParNew
Desired survivor size 51675136 bytes, new threshold 1 (max 1)
- age   1:   34777344 bytes,   34777344 total
: 825747K->35461K(908736K), 0,0053754 secs] 899228K->109040K(3937728K), 0,0054569 secs] [Times: user=0,05 sys=0,01, real=0,00 secs] 
Heap after GC invocations=15 (full 1):
 par new generation   total 908736K, used 35461K [0x00000006c9800000, 0x0000000707200000, 0x0000000707200000)
  eden space 807808K,   0% used [0x00000006c9800000, 0x00000006c9800000, 0x00000006face0000)
  from space 100928K,  35% used [0x0000000700f70000, 0x0000000703211560, 0x0000000707200000)
  to   space 100928K,   0% used [0x00000006face0000, 0x00000006face0000, 0x0000000700f70000)
 concurrent mark-sweep generation total 3028992K, used 73579K [0x0000000707200000, 0x00000007c0000000, 0x00000007c0000000)
 Metaspace       used 56123K, capacity 59501K, committed 59840K, reserved 1101824K
  class space    used 6407K, capacity 7121K, committed 7228K, reserved 1048576K
}
2023-11-23T10:19:06.739+0000: 2843,440: Total time for which application threads were stopped: 0,0056843 seconds, Stopping threads took: 0,0000528 seconds
2023-11-23T10:19:07.739+0000: 2844,440: Total time for which application threads were stopped: 0,0001763 seconds, Stopping threads took: 0,0000423 seconds
2023-11-23T10:19:08.739+0000: 2845,441: Total time for which application threads were stopped: 0,0003662 seconds, Stopping threads took: 0,0000779 seconds
2023-11-23T10:19:09.740+0000: 2846,441: Total time for which application threads were stopped: 0,0003486 seconds, Stopping threads took: 0,0000823 seconds
2023-11-23T10:19:51.745+0000: 2888,447: Total time for which application threads were stopped: 0,0001151 seconds, Stopping threads took: 0,0000306 seconds
2023-11-23T10:21:36.759+0000: 2993,460: Total time for which application threads were stopped: 0,0001594 seconds, Stopping threads took: 0,0000272 seconds
2023-11-23T10:21:37.759+0000: 2994,460: Total time for which application threads were stopped: 0,0001373 seconds, Stopping threads took: 0,0000329 seconds
2023-11-23T10:21:38.759+0000: 2995,461: Total time for which application threads were stopped: 0,0003520 seconds, Stopping threads took: 0,0000779 seconds
{Heap before GC invocations=15 (full 1):
 par new generation   total 908736K, used 843269K [0x00000006c9800000, 0x0000000707200000, 0x0000000707200000)
  eden space 807808K, 100% used [0x00000006c9800000, 0x00000006face0000, 0x00000006face0000)
  from space 100928K,  35% used [0x0000000700f70000, 0x0000000703211560, 0x0000000707200000)
  to   space 100928K,   0% used [0x00000006face0000, 0x00000006face0000, 0x0000000700f70000)
 concurrent mark-sweep generation total 3028992K, used 73579K [0x0000000707200000, 0x00000007c0000000, 0x00000007c0000000)
 Metaspace       used 56152K, capacity 59565K, committed 59840K, reserved 1101824K
  class space    used 6408K, capacity 7121K, committed 7228K, reserved 1048576K
2023-11-23T10:24:22.077+0000: 3158,779: [GC (Allocation Failure) 2023-11-23T10:24:22.077+0000: 3158,779: [ParNew
Desired survivor size 51675136 bytes, new threshold 1 (max 1)
- age   1:   24309360 bytes,   24309360 total
: 843269K->24122K(908736K), 0,0056690 secs] 916848K->99829K(3937728K), 0,0057387 secs] [Times: user=0,05 sys=0,00, real=0,01 secs] 
Heap after GC invocations=16 (full 1):
 par new generation   total 908736K, used 24122K [0x00000006c9800000, 0x0000000707200000, 0x0000000707200000)
  eden space 807808K,   0% used [0x00000006c9800000, 0x00000006c9800000, 0x00000006face0000)
  from space 100928K,  23% used [0x00000006face0000, 0x00000006fc46e8c8, 0x0000000700f70000)
  to   space 100928K,   0% used [0x0000000700f70000, 0x0000000700f70000, 0x0000000707200000)
 concurrent mark-sweep generation total 3028992K, used 75706K [0x0000000707200000, 0x00000007c0000000, 0x00000007c0000000)
 Metaspace       used 56152K, capacity 59565K, committed 59840K, reserved 1101824K
  class space    used 6408K, capacity 7121K, committed 7228K, reserved 1048576K
}
2023-11-23T10:24:22.083+0000: 3158,784: Total time for which application threads were stopped: 0,0059760 seconds, Stopping threads took: 0,0000319 seconds
2023-11-23T10:24:23.083+0000: 3159,785: Total time for which application threads were stopped: 0,0001662 seconds, Stopping threads took: 0,0000408 seconds
2023-11-23T10:24:24.083+0000: 3160,785: Total time for which application threads were stopped: 0,0002248 seconds, Stopping threads took: 0,0000525 seconds
2023-11-23T10:24:39.085+0000: 3175,787: Total time for which application threads were stopped: 0,0002324 seconds, Stopping threads took: 0,0000693 seconds
{Heap before GC invocations=16 (full 1):
 par new generation   total 908736K, used 831191K [0x00000006c9800000, 0x0000000707200000, 0x0000000707200000)
  eden space 807808K,  99% used [0x00000006c9800000, 0x00000006fac27370, 0x00000006face0000)
  from space 100928K,  23% used [0x00000006face0000, 0x00000006fc46e8c8, 0x0000000700f70000)
  to   space 100928K,   0% used [0x0000000700f70000, 0x0000000700f70000, 0x0000000707200000)
 concurrent mark-sweep generation total 3028992K, used 75706K [0x0000000707200000, 0x00000007c0000000, 0x00000007c0000000)
 Metaspace       used 56177K, capacity 59565K, committed 59840K, reserved 1101824K
  class space    used 6408K, capacity 7121K, committed 7228K, reserved 1048576K
2023-11-23T10:24:39.120+0000: 3175,821: [GC (Allocation Failure) 2023-11-23T10:24:39.120+0000: 3175,821: [ParNew
Desired survivor size 51675136 bytes, new threshold 1 (max 1)
- age   1:   29421000 bytes,   29421000 total
: 831191K->30795K(908736K), 0,0056568 secs] 906897K->111767K(3937728K), 0,0057378 secs] [Times: user=0,05 sys=0,00, real=0,01 secs] 
Heap after GC invocations=17 (full 1):
 par new generation   total 908736K, used 30795K [0x00000006c9800000, 0x0000000707200000, 0x0000000707200000)
  eden space 807808K,   0% used [0x00000006c9800000, 0x00000006c9800000, 0x00000006face0000)
  from space 100928K,  30% used [0x0000000700f70000, 0x0000000702d82fb8, 0x0000000707200000)
  to   space 100928K,   0% used [0x00000006face0000, 0x00000006face0000, 0x0000000700f70000)
 concurrent mark-sweep generation total 3028992K, used 80971K [0x0000000707200000, 0x00000007c0000000, 0x00000007c0000000)
 Metaspace       used 56177K, capacity 59565K, committed 59840K, reserved 1101824K
  class space    used 6408K, capacity 7121K, committed 7228K, reserved 1048576K
}
2023-11-23T10:24:39.126+0000: 3175,827: Total time for which application threads were stopped: 0,0060672 seconds, Stopping threads took: 0,0000867 seconds
2023-11-23T10:24:40.126+0000: 3176,827: Total time for which application threads were stopped: 0,0001691 seconds, Stopping threads took: 0,0000391 seconds
2023-11-23T10:24:41.126+0000: 3177,828: Total time for which application threads were stopped: 0,0001444 seconds, Stopping threads took: 0,0000319 seconds
2023-11-23T10:24:49.128+0000: 3185,829: Total time for which application threads were stopped: 0,0004075 seconds, Stopping threads took: 0,0001285 seconds
2023-11-23T10:25:30.133+0000: 3226,835: Total time for which application threads were stopped: 0,0001997 seconds, Stopping threads took: 0,0000542 seconds
2023-11-23T10:25:47.136+0000: 3243,837: Total time for which application threads were stopped: 0,0001432 seconds, Stopping threads took: 0,0000447 seconds
2023-11-23T10:25:48.136+0000: 3244,837: Total time for which application threads were stopped: 0,0001643 seconds, Stopping threads took: 0,0000447 seconds
2023-11-23T10:25:49.136+0000: 3245,838: Total time for which application threads were stopped: 0,0001546 seconds, Stopping threads took: 0,0000303 seconds
2023-11-23T10:25:51.137+0000: 3247,838: Total time for which application threads were stopped: 0,0003483 seconds, Stopping threads took: 0,0000840 seconds
{Heap before GC invocations=17 (full 1):
 par new generation   total 908736K, used 838603K [0x00000006c9800000, 0x0000000707200000, 0x0000000707200000)
  eden space 807808K, 100% used [0x00000006c9800000, 0x00000006face0000, 0x00000006face0000)
  from space 100928K,  30% used [0x0000000700f70000, 0x0000000702d82fb8, 0x0000000707200000)
  to   space 100928K,   0% used [0x00000006face0000, 0x00000006face0000, 0x0000000700f70000)
 concurrent mark-sweep generation total 3028992K, used 80971K [0x0000000707200000, 0x00000007c0000000, 0x00000007c0000000)
 Metaspace       used 56267K, capacity 59637K, committed 59840K, reserved 1101824K
  class space    used 6415K, capacity 7123K, committed 7228K, reserved 1048576K
2023-11-23T10:26:09.104+0000: 3265,806: [GC (Allocation Failure) 2023-11-23T10:26:09.104+0000: 3265,806: [ParNew
Desired survivor size 51675136 bytes, new threshold 1 (max 1)
- age   1:   10405880 bytes,   10405880 total
: 838603K->10681K(908736K), 0,0047829 secs] 919575K->92749K(3937728K), 0,0048569 secs] [Times: user=0,05 sys=0,00, real=0,00 secs] 
Heap after GC invocations=18 (full 1):
 par new generation   total 908736K, used 10681K [0x00000006c9800000, 0x0000000707200000, 0x0000000707200000)
  eden space 807808K,   0% used [0x00000006c9800000, 0x00000006c9800000, 0x00000006face0000)
  from space 100928K,  10% used [0x00000006face0000, 0x00000006fb74e6e8, 0x0000000700f70000)
  to   space 100928K,   0% used [0x0000000700f70000, 0x0000000700f70000, 0x0000000707200000)
 concurrent mark-sweep generation total 3028992K, used 82067K [0x0000000707200000, 0x00000007c0000000, 0x00000007c0000000)
 Metaspace       used 56267K, capacity 59637K, committed 59840K, reserved 1101824K
  class space    used 6415K, capacity 7123K, committed 7228K, reserved 1048576K
}
2023-11-23T10:26:09.109+0000: 3265,811: Total time for which application threads were stopped: 0,0050488 seconds, Stopping threads took: 0,0000280 seconds
2023-11-23T10:26:10.109+0000: 3266,811: Total time for which application threads were stopped: 0,0002075 seconds, Stopping threads took: 0,0000416 seconds
2023-11-23T10:26:11.110+0000: 3267,811: Total time for which application threads were stopped: 0,0001741 seconds, Stopping threads took: 0,0000344 seconds
2023-11-23T10:26:12.110+0000: 3268,812: Total time for which application threads were stopped: 0,0003404 seconds, Stopping threads took: 0,0000836 seconds
2023-11-23T10:27:19.120+0000: 3335,821: Total time for which application threads were stopped: 0,0003525 seconds, Stopping threads took: 0,0000853 seconds
2023-11-23T10:27:31.121+0000: 3347,823: Total time for which application threads were stopped: 0,0001321 seconds, Stopping threads took: 0,0000343 seconds
{Heap before GC invocations=18 (full 1):
 par new generation   total 908736K, used 818489K [0x00000006c9800000, 0x0000000707200000, 0x0000000707200000)
  eden space 807808K, 100% used [0x00000006c9800000, 0x00000006face0000, 0x00000006face0000)
  from space 100928K,  10% used [0x00000006face0000, 0x00000006fb74e6e8, 0x0000000700f70000)
  to   space 100928K,   0% used [0x0000000700f70000, 0x0000000700f70000, 0x0000000707200000)
 concurrent mark-sweep generation total 3028992K, used 82067K [0x0000000707200000, 0x00000007c0000000, 0x00000007c0000000)
 Metaspace       used 56327K, capacity 59701K, committed 59840K, reserved 1101824K
  class space    used 6415K, capacity 7123K, committed 7228K, reserved 1048576K
2023-11-23T10:27:31.228+0000: 3347,930: [GC (Allocation Failure) 2023-11-23T10:27:31.228+0000: 3347,930: [ParNew
Desired survivor size 51675136 bytes, new threshold 1 (max 1)
- age   1:   25282712 bytes,   25282712 total
: 818489K->26228K(908736K), 0,0054593 secs] 900557K->111474K(3937728K), 0,0055631 secs] [Times: user=0,05 sys=0,01, real=0,01 secs] 
Heap after GC invocations=19 (full 1):
 par new generation   total 908736K, used 26228K [0x00000006c9800000, 0x0000000707200000, 0x0000000707200000)
  eden space 807808K,   0% used [0x00000006c9800000, 0x00000006c9800000, 0x00000006face0000)
  from space 100928K,  25% used [0x0000000700f70000, 0x000000070290d010, 0x0000000707200000)
  to   space 100928K,   0% used [0x00000006face0000, 0x00000006face0000, 0x0000000700f70000)
 concurrent mark-sweep generation total 3028992K, used 85246K [0x0000000707200000, 0x00000007c0000000, 0x00000007c0000000)
 Metaspace       used 56327K, capacity 59701K, committed 59840K, reserved 1101824K
  class space    used 6415K, capacity 7123K, committed 7228K, reserved 1048576K
}
2023-11-23T10:27:31.234+0000: 3347,935: Total time for which application threads were stopped: 0,0058263 seconds, Stopping threads took: 0,0000324 seconds
2023-11-23T10:27:32.234+0000: 3348,936: Total time for which application threads were stopped: 0,0001342 seconds, Stopping threads took: 0,0000339 seconds
2023-11-23T10:27:33.234+0000: 3349,936: Total time for which application threads were stopped: 0,0001595 seconds, Stopping threads took: 0,0000394 seconds
2023-11-23T10:28:32.243+0000: 3408,944: Total time for which application threads were stopped: 0,0003428 seconds, Stopping threads took: 0,0000912 seconds
2023-11-23T10:28:40.244+0000: 3416,945: Total time for which application threads were stopped: 0,0001289 seconds, Stopping threads took: 0,0000288 seconds
2023-11-23T10:28:41.244+0000: 3417,945: Total time for which application threads were stopped: 0,0001593 seconds, Stopping threads took: 0,0000525 seconds
2023-11-23T10:28:42.244+0000: 3418,946: Total time for which application threads were stopped: 0,0001907 seconds, Stopping threads took: 0,0000359 seconds
{Heap before GC invocations=19 (full 1):
 par new generation   total 908736K, used 833170K [0x00000006c9800000, 0x0000000707200000, 0x0000000707200000)
  eden space 807808K,  99% used [0x00000006c9800000, 0x00000006fac07a08, 0x00000006face0000)
  from space 100928K,  25% used [0x0000000700f70000, 0x000000070290d010, 0x0000000707200000)
  to   space 100928K,   0% used [0x00000006face0000, 0x00000006face0000, 0x0000000700f70000)
 concurrent mark-sweep generation total 3028992K, used 85246K [0x0000000707200000, 0x00000007c0000000, 0x00000007c0000000)
 Metaspace       used 56361K, capacity 59713K, committed 59840K, reserved 1101824K
  class space    used 6415K, capacity 7123K, committed 7228K, reserved 1048576K
2023-11-23T10:29:20.596+0000: 3457,297: [GC (Allocation Failure) 2023-11-23T10:29:20.596+0000: 3457,297: [ParNew
Desired survivor size 51675136 bytes, new threshold 1 (max 1)
- age   1:   16906424 bytes,   16906424 total
: 833170K->17009K(908736K), 0,0046763 secs] 918416K->105417K(3937728K), 0,0047555 secs] [Times: user=0,04 sys=0,00, real=0,01 secs] 
Heap after GC invocations=20 (full 1):
 par new generation   total 908736K, used 17009K [0x00000006c9800000, 0x0000000707200000, 0x0000000707200000)
  eden space 807808K,   0% used [0x00000006c9800000, 0x00000006c9800000, 0x00000006face0000)
  from space 100928K,  16% used [0x00000006face0000, 0x00000006fbd7c5d0, 0x0000000700f70000)
  to   space 100928K,   0% used [0x0000000700f70000, 0x0000000700f70000, 0x0000000707200000)
 concurrent mark-sweep generation total 3028992K, used 88407K [0x0000000707200000, 0x00000007c0000000, 0x00000007c0000000)
 Metaspace       used 56361K, capacity 59713K, committed 59840K, reserved 1101824K
  class space    used 6415K, capacity 7123K, committed 7228K, reserved 1048576K
}
2023-11-23T10:29:20.601+0000: 3457,302: Total time for which application threads were stopped: 0,0049607 seconds, Stopping threads took: 0,0000294 seconds
2023-11-23T10:29:21.601+0000: 3458,302: Total time for which application threads were stopped: 0,0001721 seconds, Stopping threads took: 0,0000359 seconds
2023-11-23T10:29:22.601+0000: 3459,303: Total time for which application threads were stopped: 0,0002087 seconds, Stopping threads took: 0,0000355 seconds
2023-11-23T10:29:23.602+0000: 3460,303: Total time for which application threads were stopped: 0,0003775 seconds, Stopping threads took: 0,0000879 seconds
2023-11-23T10:29:54.606+0000: 3491,308: Total time for which application threads were stopped: 0,0001438 seconds, Stopping threads took: 0,0000311 seconds
{Heap before GC invocations=20 (full 1):
 par new generation   total 908736K, used 824161K [0x00000006c9800000, 0x0000000707200000, 0x0000000707200000)
  eden space 807808K,  99% used [0x00000006c9800000, 0x00000006fac3bf38, 0x00000006face0000)
  from space 100928K,  16% used [0x00000006face0000, 0x00000006fbd7c5d0, 0x0000000700f70000)
  to   space 100928K,   0% used [0x0000000700f70000, 0x0000000700f70000, 0x0000000707200000)
 concurrent mark-sweep generation total 3028992K, used 88407K [0x0000000707200000, 0x00000007c0000000, 0x00000007c0000000)
 Metaspace       used 56423K, capacity 59785K, committed 60096K, reserved 1101824K
  class space    used 6415K, capacity 7123K, committed 7228K, reserved 1048576K
2023-11-23T10:29:55.095+0000: 3491,796: [GC (Allocation Failure) 2023-11-23T10:29:55.095+0000: 3491,796: [ParNew
Desired survivor size 51675136 bytes, new threshold 1 (max 1)
- age   1:   28363296 bytes,   28363296 total
: 824161K->29477K(908736K), 0,0056314 secs] 912568K->120035K(3937728K), 0,0057045 secs] [Times: user=0,05 sys=0,00, real=0,01 secs] 
Heap after GC invocations=21 (full 1):
 par new generation   total 908736K, used 29477K [0x00000006c9800000, 0x0000000707200000, 0x0000000707200000)
  eden space 807808K,   0% used [0x00000006c9800000, 0x00000006c9800000, 0x00000006face0000)
  from space 100928K,  29% used [0x0000000700f70000, 0x0000000702c39778, 0x0000000707200000)
  to   space 100928K,   0% used [0x00000006face0000, 0x00000006face0000, 0x0000000700f70000)
 concurrent mark-sweep generation total 3028992K, used 90557K [0x0000000707200000, 0x00000007c0000000, 0x00000007c0000000)
 Metaspace       used 56423K, capacity 59785K, committed 60096K, reserved 1101824K
  class space    used 6415K, capacity 7123K, committed 7228K, reserved 1048576K
}
2023-11-23T10:29:55.100+0000: 3491,802: Total time for which application threads were stopped: 0,0058942 seconds, Stopping threads took: 0,0000315 seconds
2023-11-23T10:29:56.101+0000: 3492,802: Total time for which application threads were stopped: 0,0001530 seconds, Stopping threads took: 0,0000404 seconds
2023-11-23T10:29:57.101+0000: 3493,803: Total time for which application threads were stopped: 0,0002567 seconds, Stopping threads took: 0,0000551 seconds
2023-11-23T10:31:01.109+0000: 3557,811: Total time for which application threads were stopped: 0,0001735 seconds, Stopping threads took: 0,0000330 seconds
2023-11-23T10:31:02.110+0000: 3558,811: Total time for which application threads were stopped: 0,0002792 seconds, Stopping threads took: 0,0001169 seconds
2023-11-23T10:31:03.110+0000: 3559,812: Total time for which application threads were stopped: 0,0001313 seconds, Stopping threads took: 0,0000319 seconds
2023-11-23T10:31:39.116+0000: 3595,818: Total time for which application threads were stopped: 0,0003556 seconds, Stopping threads took: 0,0000827 seconds
2023-11-23T10:31:48.117+0000: 3604,819: Total time for which application threads were stopped: 0,0001198 seconds, Stopping threads took: 0,0000326 seconds
2023-11-23T10:31:59.119+0000: 3615,821: Total time for which application threads were stopped: 0,0001114 seconds, Stopping threads took: 0,0000307 seconds
2023-11-23T10:32:06.120+0000: 3622,822: Total time for which application threads were stopped: 0,0003554 seconds, Stopping threads took: 0,0000820 seconds
2023-11-23T10:32:45.126+0000: 3661,828: Total time for which application threads were stopped: 0,0003561 seconds, Stopping threads took: 0,0000882 seconds
2023-11-23T10:35:59.154+0000: 3855,856: Total time for which application threads were stopped: 0,0003637 seconds, Stopping threads took: 0,0000974 seconds
2023-11-23T10:36:10.156+0000: 3866,857: Total time for which application threads were stopped: 0,0003455 seconds, Stopping threads took: 0,0000791 seconds
2023-11-23T10:37:19.165+0000: 3935,866: Total time for which application threads were stopped: 0,0004068 seconds, Stopping threads took: 0,0000789 seconds
2023-11-23T10:37:48.169+0000: 3964,870: Total time for which application threads were stopped: 0,0003336 seconds, Stopping threads took: 0,0000815 seconds
{Heap before GC invocations=21 (full 1):
 par new generation   total 908736K, used 837285K [0x00000006c9800000, 0x0000000707200000, 0x0000000707200000)
  eden space 807808K, 100% used [0x00000006c9800000, 0x00000006face0000, 0x00000006face0000)
  from space 100928K,  29% used [0x0000000700f70000, 0x0000000702c39778, 0x0000000707200000)
  to   space 100928K,   0% used [0x00000006face0000, 0x00000006face0000, 0x0000000700f70000)
 concurrent mark-sweep generation total 3028992K, used 90557K [0x0000000707200000, 0x00000007c0000000, 0x00000007c0000000)
 Metaspace       used 56485K, capacity 59837K, committed 60096K, reserved 1101824K
  class space    used 6421K, capacity 7157K, committed 7228K, reserved 1048576K
2023-11-23T10:40:12.400+0000: 4109,102: [GC (Allocation Failure) 2023-11-23T10:40:12.400+0000: 4109,102: [ParNew
Desired survivor size 51675136 bytes, new threshold 1 (max 1)
- age   1:   19989760 bytes,   19989760 total
: 837285K->20007K(908736K), 0,0045355 secs] 927843K->111668K(3937728K), 0,0046059 secs] [Times: user=0,05 sys=0,00, real=0,01 secs] 
Heap after GC invocations=22 (full 1):
 par new generation   total 908736K, used 20007K [0x00000006c9800000, 0x0000000707200000, 0x0000000707200000)
  eden space 807808K,   0% used [0x00000006c9800000, 0x00000006c9800000, 0x00000006face0000)
  from space 100928K,  19% used [0x00000006face0000, 0x00000006fc069f78, 0x0000000700f70000)
  to   space 100928K,   0% used [0x0000000700f70000, 0x0000000700f70000, 0x0000000707200000)
 concurrent mark-sweep generation total 3028992K, used 91660K [0x0000000707200000, 0x00000007c0000000, 0x00000007c0000000)
 Metaspace       used 56485K, capacity 59837K, committed 60096K, reserved 1101824K
  class space    used 6421K, capacity 7157K, committed 7228K, reserved 1048576K
}
2023-11-23T10:40:12.405+0000: 4109,106: Total time for which application threads were stopped: 0,0047950 seconds, Stopping threads took: 0,0000287 seconds
2023-11-23T10:40:13.405+0000: 4110,106: Total time for which application threads were stopped: 0,0001922 seconds, Stopping threads took: 0,0000458 seconds
2023-11-23T10:40:14.406+0000: 4111,107: Total time for which application threads were stopped: 0,0003834 seconds, Stopping threads took: 0,0000938 seconds
2023-11-23T10:40:25.407+0000: 4122,109: Total time for which application threads were stopped: 0,0001680 seconds, Stopping threads took: 0,0000322 seconds
2023-11-23T10:40:26.407+0000: 4123,109: Total time for which application threads were stopped: 0,0001555 seconds, Stopping threads took: 0,0000325 seconds
{Heap before GC invocations=22 (full 1):
 par new generation   total 908736K, used 827372K [0x00000006c9800000, 0x0000000707200000, 0x0000000707200000)
  eden space 807808K,  99% used [0x00000006c9800000, 0x00000006fac71230, 0x00000006face0000)
  from space 100928K,  19% used [0x00000006face0000, 0x00000006fc069f78, 0x0000000700f70000)
  to   space 100928K,   0% used [0x0000000700f70000, 0x0000000700f70000, 0x0000000707200000)
 concurrent mark-sweep generation total 3028992K, used 91660K [0x0000000707200000, 0x00000007c0000000, 0x00000007c0000000)
 Metaspace       used 56510K, capacity 59903K, committed 60096K, reserved 1101824K
  class space    used 6422K, capacity 7158K, committed 7228K, reserved 1048576K
2023-11-23T10:40:58.819+0000: 4155,521: [GC (Allocation Failure) 2023-11-23T10:40:58.819+0000: 4155,521: [ParNew
Desired survivor size 51675136 bytes, new threshold 1 (max 1)
- age   1:   10677120 bytes,   10677120 total
: 827372K->11983K(908736K), 0,0046404 secs] 919033K->109090K(3937728K), 0,0047017 secs] [Times: user=0,05 sys=0,00, real=0,01 secs] 
Heap after GC invocations=23 (full 1):
 par new generation   total 908736K, used 11983K [0x00000006c9800000, 0x0000000707200000, 0x0000000707200000)
  eden space 807808K,   0% used [0x00000006c9800000, 0x00000006c9800000, 0x00000006face0000)
  from space 100928K,  11% used [0x0000000700f70000, 0x0000000701b23ed0, 0x0000000707200000)
  to   space 100928K,   0% used [0x00000006face0000, 0x00000006face0000, 0x0000000700f70000)
 concurrent mark-sweep generation total 3028992K, used 97106K [0x0000000707200000, 0x00000007c0000000, 0x00000007c0000000)
 Metaspace       used 56510K, capacity 59903K, committed 60096K, reserved 1101824K
  class space    used 6422K, capacity 7158K, committed 7228K, reserved 1048576K
}
2023-11-23T10:40:58.824+0000: 4155,526: Total time for which application threads were stopped: 0,0049029 seconds, Stopping threads took: 0,0000365 seconds
2023-11-23T10:40:59.824+0000: 4156,526: Total time for which application threads were stopped: 0,0001516 seconds, Stopping threads took: 0,0000327 seconds
2023-11-23T10:41:00.825+0000: 4157,526: Total time for which application threads were stopped: 0,0001984 seconds, Stopping threads took: 0,0000484 seconds
2023-11-23T10:41:01.825+0000: 4158,527: Total time for which application threads were stopped: 0,0003397 seconds, Stopping threads took: 0,0000824 seconds
2023-11-23T10:41:58.833+0000: 4215,535: Total time for which application threads were stopped: 0,0001998 seconds, Stopping threads took: 0,0000324 seconds
{Heap before GC invocations=23 (full 1):
 par new generation   total 908736K, used 819791K [0x00000006c9800000, 0x0000000707200000, 0x0000000707200000)
  eden space 807808K, 100% used [0x00000006c9800000, 0x00000006face0000, 0x00000006face0000)
  from space 100928K,  11% used [0x0000000700f70000, 0x0000000701b23ed0, 0x0000000707200000)
  to   space 100928K,   0% used [0x00000006face0000, 0x00000006face0000, 0x0000000700f70000)
 concurrent mark-sweep generation total 3028992K, used 97106K [0x0000000707200000, 0x00000007c0000000, 0x00000007c0000000)
 Metaspace       used 56548K, capacity 59967K, committed 60096K, reserved 1101824K
  class space    used 6422K, capacity 7158K, committed 7228K, reserved 1048576K
2023-11-23T10:41:59.200+0000: 4215,901: [GC (Allocation Failure) 2023-11-23T10:41:59.200+0000: 4215,901: [ParNew
Desired survivor size 51675136 bytes, new threshold 1 (max 1)
- age   1:   20513384 bytes,   20513384 total
: 819791K->21037K(908736K), 0,0045270 secs] 916898K->120280K(3937728K), 0,0045954 secs] [Times: user=0,04 sys=0,00, real=0,01 secs] 
Heap after GC invocations=24 (full 1):
 par new generation   total 908736K, used 21037K [0x00000006c9800000, 0x0000000707200000, 0x0000000707200000)
  eden space 807808K,   0% used [0x00000006c9800000, 0x00000006c9800000, 0x00000006face0000)
  from space 100928K,  20% used [0x00000006face0000, 0x00000006fc16b440, 0x0000000700f70000)
  to   space 100928K,   0% used [0x0000000700f70000, 0x0000000700f70000, 0x0000000707200000)
 concurrent mark-sweep generation total 3028992K, used 99243K [0x0000000707200000, 0x00000007c0000000, 0x00000007c0000000)
 Metaspace       used 56548K, capacity 59967K, committed 60096K, reserved 1101824K
  class space    used 6422K, capacity 7158K, committed 7228K, reserved 1048576K
}
2023-11-23T10:41:59.205+0000: 4215,906: Total time for which application threads were stopped: 0,0047732 seconds, Stopping threads took: 0,0000291 seconds
2023-11-23T10:42:00.205+0000: 4216,906: Total time for which application threads were stopped: 0,0001370 seconds, Stopping threads took: 0,0000372 seconds
2023-11-23T10:42:01.205+0000: 4217,907: Total time for which application threads were stopped: 0,0003888 seconds, Stopping threads took: 0,0000790 seconds
2023-11-23T10:42:50.212+0000: 4266,914: Total time for which application threads were stopped: 0,0003478 seconds, Stopping threads took: 0,0000801 seconds
2023-11-23T10:45:24.233+0000: 4420,934: Total time for which application threads were stopped: 0,0002205 seconds, Stopping threads took: 0,0000794 seconds
2023-11-23T10:45:25.233+0000: 4421,934: Total time for which application threads were stopped: 0,0001271 seconds, Stopping threads took: 0,0000312 seconds
2023-11-23T10:45:26.233+0000: 4422,934: Total time for which application threads were stopped: 0,0001487 seconds, Stopping threads took: 0,0000359 seconds
2023-11-23T10:45:27.233+0000: 4423,935: Total time for which application threads were stopped: 0,0002090 seconds, Stopping threads took: 0,0000490 seconds
{Heap before GC invocations=24 (full 1):
 par new generation   total 908736K, used 828047K [0x00000006c9800000, 0x0000000707200000, 0x0000000707200000)
  eden space 807808K,  99% used [0x00000006c9800000, 0x00000006fac18ab8, 0x00000006face0000)
  from space 100928K,  20% used [0x00000006face0000, 0x00000006fc16b440, 0x0000000700f70000)
  to   space 100928K,   0% used [0x0000000700f70000, 0x0000000700f70000, 0x0000000707200000)
 concurrent mark-sweep generation total 3028992K, used 99243K [0x0000000707200000, 0x00000007c0000000, 0x00000007c0000000)
 Metaspace       used 56604K, capacity 60037K, committed 60352K, reserved 1101824K
  class space    used 6424K, capacity 7159K, committed 7228K, reserved 1048576K
2023-11-23T10:46:38.750+0000: 4495,452: [GC (Allocation Failure) 2023-11-23T10:46:38.750+0000: 4495,452: [ParNew
Desired survivor size 51675136 bytes, new threshold 1 (max 1)
- age   1:   26090392 bytes,   26090392 total
: 828047K->26341K(908736K), 0,0054321 secs] 927291K->127701K(3937728K), 0,0055035 secs] [Times: user=0,05 sys=0,00, real=0,01 secs] 
Heap after GC invocations=25 (full 1):
 par new generation   total 908736K, used 26341K [0x00000006c9800000, 0x0000000707200000, 0x0000000707200000)
  eden space 807808K,   0% used [0x00000006c9800000, 0x00000006c9800000, 0x00000006face0000)
  from space 100928K,  26% used [0x0000000700f70000, 0x00000007029296f0, 0x0000000707200000)
  to   space 100928K,   0% used [0x00000006face0000, 0x00000006face0000, 0x0000000700f70000)
 concurrent mark-sweep generation total 3028992K, used 101360K [0x0000000707200000, 0x00000007c0000000, 0x00000007c0000000)
 Metaspace       used 56604K, capacity 60037K, committed 60352K, reserved 1101824K
  class space    used 6424K, capacity 7159K, committed 7228K, reserved 1048576K
}
2023-11-23T10:46:38.756+0000: 4495,457: Total time for which application threads were stopped: 0,0058936 seconds, Stopping threads took: 0,0002307 seconds
2023-11-23T10:46:39.756+0000: 4496,458: Total time for which application threads were stopped: 0,0001919 seconds, Stopping threads took: 0,0000387 seconds
2023-11-23T10:46:40.756+0000: 4497,458: Total time for which application threads were stopped: 0,0002117 seconds, Stopping threads took: 0,0000535 seconds
2023-11-23T10:46:41.757+0000: 4498,458: Total time for which application threads were stopped: 0,0001436 seconds, Stopping threads took: 0,0000385 seconds
2023-11-23T10:46:58.759+0000: 4515,461: Total time for which application threads were stopped: 0,0003641 seconds, Stopping threads took: 0,0000857 seconds
2023-11-23T10:47:18.762+0000: 4535,464: Total time for which application threads were stopped: 0,0003647 seconds, Stopping threads took: 0,0000846 seconds
2023-11-23T10:51:50.799+0000: 4807,500: Total time for which application threads were stopped: 0,0003508 seconds, Stopping threads took: 0,0000932 seconds
2023-11-23T10:52:18.803+0000: 4835,505: Total time for which application threads were stopped: 0,0003563 seconds, Stopping threads took: 0,0001004 seconds
2023-11-23T10:52:47.807+0000: 4864,509: Total time for which application threads were stopped: 0,0001563 seconds, Stopping threads took: 0,0000378 seconds
{Heap before GC invocations=25 (full 1):
 par new generation   total 908736K, used 834077K [0x00000006c9800000, 0x0000000707200000, 0x0000000707200000)
  eden space 807808K,  99% used [0x00000006c9800000, 0x00000006facce098, 0x00000006face0000)
  from space 100928K,  26% used [0x0000000700f70000, 0x00000007029296f0, 0x0000000707200000)
  to   space 100928K,   0% used [0x00000006face0000, 0x00000006face0000, 0x0000000700f70000)
 concurrent mark-sweep generation total 3028992K, used 101360K [0x0000000707200000, 0x00000007c0000000, 0x00000007c0000000)
 Metaspace       used 56621K, capacity 60037K, committed 60352K, reserved 1101824K
  class space    used 6425K, capacity 7159K, committed 7228K, reserved 1048576K
2023-11-23T10:57:09.489+0000: 5126,191: [GC (Allocation Failure) 2023-11-23T10:57:09.490+0000: 5126,191: [ParNew
Desired survivor size 51675136 bytes, new threshold 1 (max 1)
- age   1:   21736680 bytes,   21736680 total
: 834077K->23470K(908736K), 0,0057587 secs] 935438K->128214K(3937728K), 0,0058458 secs] [Times: user=0,05 sys=0,00, real=0,01 secs] 
Heap after GC invocations=26 (full 1):
 par new generation   total 908736K, used 23470K [0x00000006c9800000, 0x0000000707200000, 0x0000000707200000)
  eden space 807808K,   0% used [0x00000006c9800000, 0x00000006c9800000, 0x00000006face0000)
  from space 100928K,  23% used [0x00000006face0000, 0x00000006fc3cbb68, 0x0000000700f70000)
  to   space 100928K,   0% used [0x0000000700f70000, 0x0000000700f70000, 0x0000000707200000)
 concurrent mark-sweep generation total 3028992K, used 104743K [0x0000000707200000, 0x00000007c0000000, 0x00000007c0000000)
 Metaspace       used 56621K, capacity 60037K, committed 60352K, reserved 1101824K
  class space    used 6425K, capacity 7159K, committed 7228K, reserved 1048576K
}
2023-11-23T10:57:09.495+0000: 5126,197: Total time for which application threads were stopped: 0,0061456 seconds, Stopping threads took: 0,0001128 seconds
2023-11-23T10:57:10.496+0000: 5127,197: Total time for which application threads were stopped: 0,0001639 seconds, Stopping threads took: 0,0000398 seconds
2023-11-23T10:57:11.496+0000: 5128,197: Total time for which application threads were stopped: 0,0001356 seconds, Stopping threads took: 0,0000330 seconds
2023-11-23T10:57:12.496+0000: 5129,198: Total time for which application threads were stopped: 0,0003137 seconds, Stopping threads took: 0,0000704 seconds
2023-11-23T10:57:18.497+0000: 5135,199: Total time for which application threads were stopped: 0,0001907 seconds, Stopping threads took: 0,0000399 seconds
2023-11-23T10:57:41.500+0000: 5158,201: Total time for which application threads were stopped: 0,0001321 seconds, Stopping threads took: 0,0000366 seconds
2023-11-23T10:57:51.501+0000: 5168,203: Total time for which application threads were stopped: 0,0001972 seconds, Stopping threads took: 0,0000378 seconds
{Heap before GC invocations=26 (full 1):
 par new generation   total 908736K, used 830632K [0x00000006c9800000, 0x0000000707200000, 0x0000000707200000)
  eden space 807808K,  99% used [0x00000006c9800000, 0x00000006fac3e860, 0x00000006face0000)
  from space 100928K,  23% used [0x00000006face0000, 0x00000006fc3cbb68, 0x0000000700f70000)
  to   space 100928K,   0% used [0x0000000700f70000, 0x0000000700f70000, 0x0000000707200000)
 concurrent mark-sweep generation total 3028992K, used 104743K [0x0000000707200000, 0x00000007c0000000, 0x00000007c0000000)
 Metaspace       used 56670K, capacity 60109K, committed 60352K, reserved 1101824K
  class space    used 6425K, capacity 7159K, committed 7228K, reserved 1048576K
2023-11-23T10:57:51.708+0000: 5168,409: [GC (Allocation Failure) 2023-11-23T10:57:51.708+0000: 5168,409: [ParNew
Desired survivor size 51675136 bytes, new threshold 1 (max 1)
- age   1:   38548752 bytes,   38548752 total
: 830632K->39163K(908736K), 0,0060136 secs] 935376K->146089K(3937728K), 0,0060949 secs] [Times: user=0,06 sys=0,00, real=0,01 secs] 
Heap after GC invocations=27 (full 1):
 par new generation   total 908736K, used 39163K [0x00000006c9800000, 0x0000000707200000, 0x0000000707200000)
  eden space 807808K,   0% used [0x00000006c9800000, 0x00000006c9800000, 0x00000006face0000)
  from space 100928K,  38% used [0x0000000700f70000, 0x00000007035aec68, 0x0000000707200000)
  to   space 100928K,   0% used [0x00000006face0000, 0x00000006face0000, 0x0000000700f70000)
 concurrent mark-sweep generation total 3028992K, used 106926K [0x0000000707200000, 0x00000007c0000000, 0x00000007c0000000)
 Metaspace       used 56670K, capacity 60109K, committed 60352K, reserved 1101824K
  class space    used 6425K, capacity 7159K, committed 7228K, reserved 1048576K
}
2023-11-23T10:57:51.714+0000: 5168,415: Total time for which application threads were stopped: 0,0063325 seconds, Stopping threads took: 0,0000379 seconds
2023-11-23T10:57:52.714+0000: 5169,416: Total time for which application threads were stopped: 0,0001384 seconds, Stopping threads took: 0,0000323 seconds
2023-11-23T10:57:53.714+0000: 5170,416: Total time for which application threads were stopped: 0,0001451 seconds, Stopping threads took: 0,0000355 seconds
2023-11-23T11:01:49.746+0000: 5406,448: Total time for which application threads were stopped: 0,0001880 seconds, Stopping threads took: 0,0000366 seconds
2023-11-23T11:01:50.746+0000: 5407,448: Total time for which application threads were stopped: 0,0001518 seconds, Stopping threads took: 0,0000319 seconds
{Heap before GC invocations=27 (full 1):
 par new generation   total 908736K, used 846971K [0x00000006c9800000, 0x0000000707200000, 0x0000000707200000)
  eden space 807808K, 100% used [0x00000006c9800000, 0x00000006face0000, 0x00000006face0000)
  from space 100928K,  38% used [0x0000000700f70000, 0x00000007035aec68, 0x0000000707200000)
  to   space 100928K,   0% used [0x00000006face0000, 0x00000006face0000, 0x0000000700f70000)
 concurrent mark-sweep generation total 3028992K, used 106926K [0x0000000707200000, 0x00000007c0000000, 0x00000007c0000000)
 Metaspace       used 56680K, capacity 60109K, committed 60352K, reserved 1101824K
  class space    used 6425K, capacity 7159K, committed 7228K, reserved 1048576K
2023-11-23T11:01:51.282+0000: 5407,984: [GC (Allocation Failure) 2023-11-23T11:01:51.282+0000: 5407,984: [ParNew
Desired survivor size 51675136 bytes, new threshold 1 (max 1)
- age   1:   25230088 bytes,   25230088 total
: 846971K->25058K(908736K), 0,0055534 secs] 953897K->135145K(3937728K), 0,0056666 secs] [Times: user=0,05 sys=0,00, real=0,00 secs] 
Heap after GC invocations=28 (full 1):
 par new generation   total 908736K, used 25058K [0x00000006c9800000, 0x0000000707200000, 0x0000000707200000)
  eden space 807808K,   0% used [0x00000006c9800000, 0x00000006c9800000, 0x00000006face0000)
  from space 100928K,  24% used [0x00000006face0000, 0x00000006fc558970, 0x0000000700f70000)
  to   space 100928K,   0% used [0x0000000700f70000, 0x0000000700f70000, 0x0000000707200000)
 concurrent mark-sweep generation total 3028992K, used 110087K [0x0000000707200000, 0x00000007c0000000, 0x00000007c0000000)
 Metaspace       used 56680K, capacity 60109K, committed 60352K, reserved 1101824K
  class space    used 6425K, capacity 7159K, committed 7228K, reserved 1048576K
}
2023-11-23T11:01:51.288+0000: 5407,989: Total time for which application threads were stopped: 0,0059872 seconds, Stopping threads took: 0,0000933 seconds
2023-11-23T11:01:52.288+0000: 5408,990: Total time for which application threads were stopped: 0,0002247 seconds, Stopping threads took: 0,0000415 seconds
2023-11-23T11:01:53.288+0000: 5409,990: Total time for which application threads were stopped: 0,0002399 seconds, Stopping threads took: 0,0000515 seconds
2023-11-23T11:02:19.292+0000: 5435,993: Total time for which application threads were stopped: 0,0001816 seconds, Stopping threads took: 0,0000457 seconds
2023-11-23T11:02:37.294+0000: 5453,995: Total time for which application threads were stopped: 0,0002177 seconds, Stopping threads took: 0,0000585 seconds
2023-11-23T11:02:38.294+0000: 5454,996: Total time for which application threads were stopped: 0,0001409 seconds, Stopping threads took: 0,0000313 seconds
2023-11-23T11:02:39.294+0000: 5455,996: Total time for which application threads were stopped: 0,0001918 seconds, Stopping threads took: 0,0000452 seconds
2023-11-23T11:02:41.295+0000: 5457,997: Total time for which application threads were stopped: 0,0003478 seconds, Stopping threads took: 0,0000813 seconds
{Heap before GC invocations=28 (full 1):
 par new generation   total 908736K, used 832508K [0x00000006c9800000, 0x0000000707200000, 0x0000000707200000)
  eden space 807808K,  99% used [0x00000006c9800000, 0x00000006fac867d8, 0x00000006face0000)
  from space 100928K,  24% used [0x00000006face0000, 0x00000006fc558970, 0x0000000700f70000)
  to   space 100928K,   0% used [0x0000000700f70000, 0x0000000700f70000, 0x0000000707200000)
 concurrent mark-sweep generation total 3028992K, used 110087K [0x0000000707200000, 0x00000007c0000000, 0x00000007c0000000)
 Metaspace       used 56695K, capacity 60109K, committed 60352K, reserved 1101824K
  class space    used 6426K, capacity 7159K, committed 7228K, reserved 1048576K
2023-11-23T11:03:00.994+0000: 5477,696: [GC (Allocation Failure) 2023-11-23T11:03:00.994+0000: 5477,696: [ParNew
Desired survivor size 51675136 bytes, new threshold 1 (max 1)
- age   1:   27130920 bytes,   27130920 total
: 832508K->27986K(908736K), 0,0055483 secs] 942595K->144756K(3937728K), 0,0056244 secs] [Times: user=0,05 sys=0,00, real=0,00 secs] 
